../Src/led_main.c:56:5:main	8	static
../Src/led_main.c:76:6:idle_task	4	static
../Src/led_main.c:81:6:task1_handler	8	static
../Src/led_main.c:91:6:task2_handler	8	static
../Src/led_main.c:101:6:task3_handler	8	static
../Src/led_main.c:111:6:task4_handler	8	static
../Src/led_main.c:122:6:init_systick_timer	32	static
../Src/led_main.c:143:6:init_tasks_stack	24	static
../Src/led_main.c:188:28:init_scheduler_stack	0	static,ignoring_inline_asm
../Src/led_main.c:194:6:enable_processor_fault	16	static
../Src/led_main.c:205:10:get_psp_value	4	static
../Src/led_main.c:210:6:update_next_task	16	static
../Src/led_main.c:227:6:save_psp_value	16	static
../Src/led_main.c:232:27:switch_sp_to_psp	0	static,ignoring_inline_asm
../Src/led_main.c:247:6:schedule	16	static
../Src/led_main.c:254:6:task_delay	16	static,ignoring_inline_asm
../Src/led_main.c:270:27:PendSV_Handler	0	static,ignoring_inline_asm
../Src/led_main.c:296:6:update_global_tick_count	4	static
../Src/led_main.c:301:6:unblock_tasks	16	static
../Src/led_main.c:315:6:SysTick_Handler	16	static
../Src/led_main.c:327:6:HardFault_Handler	8	static
../Src/led_main.c:334:6:MemManage_Handler	8	static
../Src/led_main.c:340:6:BusFault_Handler	8	static
