Archive member included to satisfy reference by file (symbol)

c:/program files (x86)/arm gnu toolchain arm-none-eabi/11.2 2022.02/bin/../lib/gcc/arm-none-eabi/11.2.1/thumb/v7e-m/nofp\libc.a(lib_a-exit.o)
                              c:/program files (x86)/arm gnu toolchain arm-none-eabi/11.2 2022.02/bin/../lib/gcc/arm-none-eabi/11.2.1/thumb/v7e-m/nofp/rdimon-crt0.o (exit)
c:/program files (x86)/arm gnu toolchain arm-none-eabi/11.2 2022.02/bin/../lib/gcc/arm-none-eabi/11.2.1/thumb/v7e-m/nofp\libc.a(lib_a-impure.o)
                              c:/program files (x86)/arm gnu toolchain arm-none-eabi/11.2 2022.02/bin/../lib/gcc/arm-none-eabi/11.2.1/thumb/v7e-m/nofp\libc.a(lib_a-exit.o) (_global_impure_ptr)
c:/program files (x86)/arm gnu toolchain arm-none-eabi/11.2 2022.02/bin/../lib/gcc/arm-none-eabi/11.2.1/thumb/v7e-m/nofp\libc.a(lib_a-init.o)
                              c:/program files (x86)/arm gnu toolchain arm-none-eabi/11.2 2022.02/bin/../lib/gcc/arm-none-eabi/11.2.1/thumb/v7e-m/nofp/rdimon-crt0.o (__libc_init_array)
c:/program files (x86)/arm gnu toolchain arm-none-eabi/11.2 2022.02/bin/../lib/gcc/arm-none-eabi/11.2.1/thumb/v7e-m/nofp\libc.a(lib_a-memset.o)
                              c:/program files (x86)/arm gnu toolchain arm-none-eabi/11.2 2022.02/bin/../lib/gcc/arm-none-eabi/11.2.1/thumb/v7e-m/nofp/rdimon-crt0.o (memset)
c:/program files (x86)/arm gnu toolchain arm-none-eabi/11.2 2022.02/bin/../lib/gcc/arm-none-eabi/11.2.1/thumb/v7e-m/nofp\libc.a(lib_a-puts.o)
                              led_main.o (puts)
c:/program files (x86)/arm gnu toolchain arm-none-eabi/11.2 2022.02/bin/../lib/gcc/arm-none-eabi/11.2.1/thumb/v7e-m/nofp\libc.a(lib_a-strlen.o)
                              c:/program files (x86)/arm gnu toolchain arm-none-eabi/11.2 2022.02/bin/../lib/gcc/arm-none-eabi/11.2.1/thumb/v7e-m/nofp\libc.a(lib_a-puts.o) (strlen)
c:/program files (x86)/arm gnu toolchain arm-none-eabi/11.2 2022.02/bin/../lib/gcc/arm-none-eabi/11.2.1/thumb/v7e-m/nofp\libc.a(lib_a-__call_atexit.o)
                              c:/program files (x86)/arm gnu toolchain arm-none-eabi/11.2 2022.02/bin/../lib/gcc/arm-none-eabi/11.2.1/thumb/v7e-m/nofp\libc.a(lib_a-exit.o) (__call_exitprocs)
c:/program files (x86)/arm gnu toolchain arm-none-eabi/11.2 2022.02/bin/../lib/gcc/arm-none-eabi/11.2.1/thumb/v7e-m/nofp\libc.a(lib_a-findfp.o)
                              c:/program files (x86)/arm gnu toolchain arm-none-eabi/11.2 2022.02/bin/../lib/gcc/arm-none-eabi/11.2.1/thumb/v7e-m/nofp\libc.a(lib_a-puts.o) (__sinit)
c:/program files (x86)/arm gnu toolchain arm-none-eabi/11.2 2022.02/bin/../lib/gcc/arm-none-eabi/11.2.1/thumb/v7e-m/nofp\libc.a(lib_a-fvwrite.o)
                              c:/program files (x86)/arm gnu toolchain arm-none-eabi/11.2 2022.02/bin/../lib/gcc/arm-none-eabi/11.2.1/thumb/v7e-m/nofp\libc.a(lib_a-puts.o) (__sfvwrite_r)
c:/program files (x86)/arm gnu toolchain arm-none-eabi/11.2 2022.02/bin/../lib/gcc/arm-none-eabi/11.2.1/thumb/v7e-m/nofp\libc.a(lib_a-fwalk.o)
                              c:/program files (x86)/arm gnu toolchain arm-none-eabi/11.2 2022.02/bin/../lib/gcc/arm-none-eabi/11.2.1/thumb/v7e-m/nofp\libc.a(lib_a-findfp.o) (_fwalk)
c:/program files (x86)/arm gnu toolchain arm-none-eabi/11.2 2022.02/bin/../lib/gcc/arm-none-eabi/11.2.1/thumb/v7e-m/nofp\libc.a(lib_a-mallocr.o)
                              c:/program files (x86)/arm gnu toolchain arm-none-eabi/11.2 2022.02/bin/../lib/gcc/arm-none-eabi/11.2.1/thumb/v7e-m/nofp\libc.a(lib_a-findfp.o) (_malloc_r)
c:/program files (x86)/arm gnu toolchain arm-none-eabi/11.2 2022.02/bin/../lib/gcc/arm-none-eabi/11.2.1/thumb/v7e-m/nofp\libc.a(lib_a-memchr.o)
                              c:/program files (x86)/arm gnu toolchain arm-none-eabi/11.2 2022.02/bin/../lib/gcc/arm-none-eabi/11.2.1/thumb/v7e-m/nofp\libc.a(lib_a-fvwrite.o) (memchr)
c:/program files (x86)/arm gnu toolchain arm-none-eabi/11.2 2022.02/bin/../lib/gcc/arm-none-eabi/11.2.1/thumb/v7e-m/nofp\libc.a(lib_a-memcpy.o)
                              c:/program files (x86)/arm gnu toolchain arm-none-eabi/11.2 2022.02/bin/../lib/gcc/arm-none-eabi/11.2.1/thumb/v7e-m/nofp\libc.a(lib_a-fvwrite.o) (memcpy)
c:/program files (x86)/arm gnu toolchain arm-none-eabi/11.2 2022.02/bin/../lib/gcc/arm-none-eabi/11.2.1/thumb/v7e-m/nofp\libc.a(lib_a-memmove.o)
                              c:/program files (x86)/arm gnu toolchain arm-none-eabi/11.2 2022.02/bin/../lib/gcc/arm-none-eabi/11.2.1/thumb/v7e-m/nofp\libc.a(lib_a-fvwrite.o) (memmove)
c:/program files (x86)/arm gnu toolchain arm-none-eabi/11.2 2022.02/bin/../lib/gcc/arm-none-eabi/11.2.1/thumb/v7e-m/nofp\libc.a(lib_a-mlock.o)
                              c:/program files (x86)/arm gnu toolchain arm-none-eabi/11.2 2022.02/bin/../lib/gcc/arm-none-eabi/11.2.1/thumb/v7e-m/nofp\libc.a(lib_a-mallocr.o) (__malloc_lock)
c:/program files (x86)/arm gnu toolchain arm-none-eabi/11.2 2022.02/bin/../lib/gcc/arm-none-eabi/11.2.1/thumb/v7e-m/nofp\libc.a(lib_a-reallocr.o)
[...]
Memory Configuration

Name             Origin             Length             Attributes
FLASH            0x08000000         0x00100000         xr
SRAM             0x20000000         0x00020000         xrw
*default*        0x00000000         0xffffffff

Linker script and memory map

LOAD c:/program files (x86)/arm gnu toolchain arm-none-eabi/11.2 2022.02/bin/../lib/gcc/arm-none-eabi/11.2.1/thumb/v7e-m/nofp/crti.o
LOAD c:/program files (x86)/arm gnu toolchain arm-none-eabi/11.2 2022.02/bin/../lib/gcc/arm-none-eabi/11.2.1/thumb/v7e-m/nofp/crtbegin.o
LOAD c:/program files (x86)/arm gnu toolchain arm-none-eabi/11.2 2022.02/bin/../lib/gcc/arm-none-eabi/11.2.1/thumb/v7e-m/nofp/rdimon-crt0.o
LOAD led_main.o
LOAD led.o
LOAD stm32_startup.o
START GROUP
LOAD c:/program files (x86)/arm gnu toolchain arm-none-eabi/11.2 2022.02/bin/../lib/gcc/arm-none-eabi/11.2.1/thumb/v7e-m/nofp\libgcc.a
LOAD c:/program files (x86)/arm gnu toolchain arm-none-eabi/11.2 2022.02/bin/../lib/gcc/arm-none-eabi/11.2.1/thumb/v7e-m/nofp\libc.a
END GROUP
START GROUP
LOAD c:/program files (x86)/arm gnu toolchain arm-none-eabi/11.2 2022.02/bin/../lib/gcc/arm-none-eabi/11.2.1/thumb/v7e-m/nofp\libgcc.a
LOAD c:/program files (x86)/arm gnu toolchain arm-none-eabi/11.2 2022.02/bin/../lib/gcc/arm-none-eabi/11.2.1/thumb/v7e-m/nofp\libc.a
LOAD c:/program files (x86)/arm gnu toolchain arm-none-eabi/11.2 2022.02/bin/../lib/gcc/arm-none-eabi/11.2.1/thumb/v7e-m/nofp\librdimon.a
END GROUP
LOAD c:/program files (x86)/arm gnu toolchain arm-none-eabi/11.2 2022.02/bin/../lib/gcc/arm-none-eabi/11.2.1/thumb/v7e-m/nofp/crtend.o
LOAD c:/program files (x86)/arm gnu toolchain arm-none-eabi/11.2 2022.02/bin/../lib/gcc/arm-none-eabi/11.2.1/thumb/v7e-m/nofp/crtn.o

.text           0x08000000     0x33e8
 *(.isr_vector)
 .isr_vector    0x08000000      0x188 stm32_startup.o
                0x08000000                vectors
 *(.text)
 .text          0x08000188        0x0 c:/program files (x86)/arm gnu toolchain arm-none-eabi/11.2 2022.02/bin/../lib/gcc/arm-none-eabi/11.2.1/thumb/v7e-m/nofp/crti.o
 .text          0x08000188        0x0 c:/program files (x86)/arm gnu toolchain arm-none-eabi/11.2 2022.02/bin/../lib/gcc/arm-none-eabi/11.2.1/thumb/v7e-m/nofp/crtbegin.o
 .text          0x08000188       0xf8 c:/program files (x86)/arm gnu toolchain arm-none-eabi/11.2 2022.02/bin/../lib/gcc/arm-none-eabi/11.2.1/thumb/v7e-m/nofp/rdimon-crt0.o
                0x08000188                _stack_init
                0x08000194                _start
                0x08000194                _mainCRTStartup
 .text          0x08000280      0x528 led_main.o
                0x08000280                main
                0x080002bc                idle_task
                0x080002c2                task1_handler
                0x080002f0                task2_handler
                0x0800031c                task3_handler
                0x08000348                task4_handler
                0x08000374                init_systick_timer
                0x080003dc                init_scheduler_stack
                0x080003e6                init_tasks_stack
                0x08000500                enable_processor_faults
                0x0800053c                get_psp_value
                0x0800055c                save_psp_value
                0x08000584                update_next_task
                0x0800060c                switch_sp_to_psp
                0x08000626                schedule
                0x0800064c                task_delay
                0x080006ac                PendSV_Handler
                0x080006d2                update_global_tick_count
                0x080006ec                unblock_tasks
                0x0800074c                SysTick_Handler
                0x08000778                HardFault_Handler
                0x08000788                MemManage_Handler
                0x08000798                BusFault_Handler
 .text          0x080007a8       0xfc led.o
                0x080007a8                delay
                0x080007d0                led_init_all
                0x08000844                led_on
                0x08000874                led_off
 .text          0x080008a4       0x90 stm32_startup.o
                0x080008a4                RTC_Alarm_IRQHandler
                0x080008a4                HASH_RNG_IRQHandler
                0x080008a4                EXTI2_IRQHandler
                0x080008a4                TIM8_CC_IRQHandler
                0x080008a4                DebugMon_Handler
                0x080008a4                TIM1_CC_IRQHandler
                0x080008a4                DMA2_Stream5_IRQHandler
                0x080008a4                DMA1_Stream5_IRQHandler
                0x080008a4                PVD_IRQHandler
                0x080008a4                SDIO_IRQHandler
                0x080008a4                TAMP_STAMP_IRQHandler
                0x080008a4                NMI_Handler
                0x080008a4                CAN2_RX1_IRQHandler
                0x080008a4                EXTI3_IRQHandler
                0x080008a4                TIM8_TRG_COM_TIM14_IRQHandler
                0x080008a4                TIM1_UP_TIM10_IRQHandler
                0x080008a4                TIM8_UP_TIM13_IRQHandler
                0x080008a4                I2C3_ER_IRQHandler
                0x080008a4                EXTI0_IRQHandler
                0x080008a4                I2C2_EV_IRQHandler
                0x080008a4                DMA1_Stream2_IRQHandler
                0x080008a4                CAN1_RX0_IRQHandler
                0x080008a4                FPU_IRQHandler
                0x080008a4                OTG_HS_WKUP_IRQHandler
                0x080008a4                UsageFault_Handler
                0x080008a4                CAN2_SCE_IRQHandler
                0x080008a4                DMA2_Stream2_IRQHandler
                0x080008a4                SPI1_IRQHandler
                0x080008a4                TIM6_DAC_IRQHandler
                0x080008a4                TIM1_BRK_TIM9_IRQHandler
                0x080008a4                DCMI_IRQHandler
                0x080008a4                CAN2_RX0_IRQHandler
                0x080008a4                DMA2_Stream3_IRQHandler
                0x080008a4                USART6_IRQHandler
                0x080008a4                USART3_IRQHandler
                0x080008a4                CRYP_IRQHandler
                0x080008a4                DMA2_Stream6_IRQHandler
                0x080008a4                CAN1_RX1_IRQHandler
                0x080008a4                UART5_IRQHandler
                0x080008a4                DMA2_Stream0_IRQHandler
                0x080008a4                TIM4_IRQHandler
                0x080008a4                I2C1_EV_IRQHandler
                0x080008a4                DMA1_Stream6_IRQHandler
                0x080008a4                DMA1_Stream1_IRQHandler
                0x080008a4                UART4_IRQHandler
                0x080008a4                TIM3_IRQHandler
                0x080008a4                RCC_IRQHandler
                0x080008a4                TIM8_BRK_TIM12_IRQHandler
                0x080008a4                Default_Handler
                0x080008a4                EXTI15_10_IRQHandler
                0x080008a4                ADC_IRQHandler
                0x080008a4                DMA1_Stream7_IRQHandler
                0x080008a4                TIM7_IRQHandler
                0x080008a4                CAN2_TX_IRQHandler
                0x080008a4                TIM5_IRQHandler
                0x080008a4                DMA2_Stream7_IRQHandler
                0x080008a4                I2C3_EV_IRQHandler
                0x080008a4                EXTI9_5_IRQHandler
                0x080008a4                RTC_WKUP_IRQHandler
                0x080008a4                ETH_WKUP_IRQHandler
                0x080008a4                SPI2_IRQHandler
                0x080008a4                OTG_HS_EP1_IN_IRQHandler
                0x080008a4                DMA1_Stream0_IRQHandler
                0x080008a4                CAN1_TX_IRQHandler
                0x080008a4                SVC_Handler
                0x080008a4                EXTI4_IRQHandler
                0x080008a4                FSMC_IRQHandler
                0x080008a4                ETH_IRQHandler
                0x080008a4                OTG_HS_EP1_OUT_IRQHandler
                0x080008a4                WWDG_IRQHandler
                0x080008a4                TIM2_IRQHandler
                0x080008a4                OTG_FS_WKUP_IRQHandler
                0x080008a4                TIM1_TRG_COM_TIM11_IRQHandler
                0x080008a4                OTG_HS_IRQHandler
                0x080008a4                EXTI1_IRQHandler
                0x080008a4                USART2_IRQHandler
                0x080008a4                I2C2_ER_IRQHandler
                0x080008a4                DMA2_Stream1_IRQHandler
                0x080008a4                CAN1_SCE_IRQHandler
                0x080008a4                DMA2_Stream4_IRQHandler
                0x080008a4                USART1_IRQHandler
                0x080008a4                OTG_FS_IRQHandler
                0x080008a4                SPI3_IRQHandler
                0x080008a4                DMA1_Stream4_IRQHandler
                0x080008a4                I2C1_ER_IRQHandler
                0x080008a4                DMA1_Stream3_IRQHandler
                0x080008aa                Reset_Handler
 .text          0x08000934        0x0 c:/program files (x86)/arm gnu toolchain arm-none-eabi/11.2 2022.02/bin/../lib/gcc/arm-none-eabi/11.2.1/thumb/v7e-m/nofp\libc.a(lib_a-exit.o)
 .text          0x08000934        0x0 c:/program files (x86)/arm gnu toolchain arm-none-eabi/11.2 2022.02/bin/../lib/gcc/arm-none-eabi/11.2.1/thumb/v7e-m/nofp\libc.a(lib_a-impure.o)
 .text          0x08000934        0x0 c:/program files (x86)/arm gnu toolchain arm-none-eabi/11.2 2022.02/bin/../lib/gcc/arm-none-eabi/11.2.1/thumb/v7e-m/nofp\libc.a(lib_a-init.o)
 .text          0x08000934        0x0 c:/program files (x86)/arm gnu toolchain arm-none-eabi/11.2 2022.02/bin/../lib/gcc/arm-none-eabi/11.2.1/thumb/v7e-m/nofp\libc.a(lib_a-memset.o)
 .text          0x08000934        0x0 c:/program files (x86)/arm gnu toolchain arm-none-eabi/11.2 2022.02/bin/../lib/gcc/arm-none-eabi/11.2.1/thumb/v7e-m/nofp\libc.a(lib_a-puts.o)
 *fill*         0x08000934        0xc 
 .text          0x08000940       0xdc c:/program files (x86)/arm gnu toolchain arm-none-eabi/11.2 2022.02/bin/../lib/gcc/arm-none-eabi/11.2.1/thumb/v7e-m/nofp\libc.a(lib_a-strlen.o)
                0x08000940                strlen
 .text          0x08000a1c        0x0 c:/program files (x86)/arm gnu toolchain arm-none-eabi/11.2 2022.02/bin/../lib/gcc/arm-none-eabi/11.2.1/thumb/v7e-m/nofp\libc.a(lib_a-__call_atexit.o)
 .text          0x08000a1c        0x0 c:/program files (x86)/arm gnu toolchain arm-none-eabi/11.2 2022.02/bin/../lib/gcc/arm-none-eabi/11.2.1/thumb/v7e-m/nofp\libc.a(lib_a-findfp.o)
 .text          0x08000a1c        0x0 c:/program files (x86)/arm gnu toolchain arm-none-eabi/11.2 2022.02/bin/../lib/gcc/arm-none-eabi/11.2.1/thumb/v7e-m/nofp\libc.a(lib_a-fvwrite.o)
 .text          0x08000a1c        0x0 c:/program files (x86)/arm gnu toolchain arm-none-eabi/11.2 2022.02/bin/../lib/gcc/arm-none-eabi/11.2.1/thumb/v7e-m/nofp\libc.a(lib_a-fwalk.o)
 .text          0x08000a1c        0x0 c:/program files (x86)/arm gnu toolchain arm-none-eabi/11.2 2022.02/bin/../lib/gcc/arm-none-eabi/11.2.1/thumb/v7e-m/nofp\libc.a(lib_a-mallocr.o)
 *fill*         0x08000a1c        0x4 
 .text          0x08000a20       0xa0 c:/program files (x86)/arm gnu toolchain arm-none-eabi/11.2 2022.02/bin/../lib/gcc/arm-none-eabi/11.2.1/thumb/v7e-m/nofp\libc.a(lib_a-memchr.o)
                0x08000a20                memchr
 .text          0x08000ac0      0x134 c:/program files (x86)/arm gnu toolchain arm-none-eabi/11.2 2022.02/bin/../lib/gcc/arm-none-eabi/11.2.1/thumb/v7e-m/nofp\libc.a(lib_a-memcpy.o)
                0x08000ac0                memcpy
 .text          0x08000bf4        0x0 c:/program files (x86)/arm gnu toolchain arm-none-eabi/11.2 2022.02/bin/../lib/gcc/arm-none-eabi/11.2.1/thumb/v7e-m/nofp\libc.a(lib_a-memmove.o)
 .text          0x08000bf4        0x0 c:/program files (x86)/arm gnu toolchain arm-none-eabi/11.2 2022.02/bin/../lib/gcc/arm-none-eabi/11.2.1/thumb/v7e-m/nofp\libc.a(lib_a-mlock.o)
 .text          0x08000bf4        0x0 c:/program files (x86)/arm gnu toolchain arm-none-eabi/11.2 2022.02/bin/../lib/gcc/arm-none-eabi/11.2.1/thumb/v7e-m/nofp\libc.a(lib_a-reallocr.o)
 .text          0x08000bf4        0x0 c:/program files (x86)/arm gnu toolchain arm-none-eabi/11.2 2022.02/bin/../lib/gcc/arm-none-eabi/11.2.1/thumb/v7e-m/nofp\libc.a(lib_a-sbrkr.o)
 .text          0x08000bf4        0x0 c:/program files (x86)/arm gnu toolchain arm-none-eabi/11.2 2022.02/bin/../lib/gcc/arm-none-eabi/11.2.1/thumb/v7e-m/nofp\libc.a(lib_a-stdio.o)
 .text          0x08000bf4        0x0 c:/program files (x86)/arm gnu toolchain arm-none-eabi/11.2 2022.02/bin/../lib/gcc/arm-none-eabi/11.2.1/thumb/v7e-m/nofp\libc.a(lib_a-writer.o)
 .text          0x08000bf4        0x0 c:/program files (x86)/arm gnu toolchain arm-none-eabi/11.2 2022.02/bin/../lib/gcc/arm-none-eabi/11.2.1/thumb/v7e-m/nofp\libc.a(lib_a-wsetup.o)
 .text          0x08000bf4        0x0 c:/program files (x86)/arm gnu toolchain arm-none-eabi/11.2 2022.02/bin/../lib/gcc/arm-none-eabi/11.2.1/thumb/v7e-m/nofp\libc.a(lib_a-closer.o)
 .text          0x08000bf4        0x0 c:/program files (x86)/arm gnu toolchain arm-none-eabi/11.2 2022.02/bin/../lib/gcc/arm-none-eabi/11.2.1/thumb/v7e-m/nofp\libc.a(lib_a-fclose.o)
 .text          0x08000bf4        0x0 c:/program files (x86)/arm gnu toolchain arm-none-eabi/11.2 2022.02/bin/../lib/gcc/arm-none-eabi/11.2.1/thumb/v7e-m/nofp\libc.a(lib_a-fflush.o)
 .text          0x08000bf4        0x0 c:/program files (x86)/arm gnu toolchain arm-none-eabi/11.2 2022.02/bin/../lib/gcc/arm-none-eabi/11.2.1/thumb/v7e-m/nofp\libc.a(lib_a-freer.o)
 .text          0x08000bf4        0x0 c:/program files (x86)/arm gnu toolchain arm-none-eabi/11.2 2022.02/bin/../lib/gcc/arm-none-eabi/11.2.1/thumb/v7e-m/nofp\libc.a(lib_a-lseekr.o)
 .text          0x08000bf4        0x0 c:/program files (x86)/arm gnu toolchain arm-none-eabi/11.2 2022.02/bin/../lib/gcc/arm-none-eabi/11.2.1/thumb/v7e-m/nofp\libc.a(lib_a-makebuf.o)
 .text          0x08000bf4        0x0 c:/program files (x86)/arm gnu toolchain arm-none-eabi/11.2 2022.02/bin/../lib/gcc/arm-none-eabi/11.2.1/thumb/v7e-m/nofp\libc.a(lib_a-readr.o)
 .text          0x08000bf4        0x0 c:/program files (x86)/arm gnu toolchain arm-none-eabi/11.2 2022.02/bin/../lib/gcc/arm-none-eabi/11.2.1/thumb/v7e-m/nofp\libc.a(lib_a-reent.o)
 .text          0x08000bf4        0x0 c:/program files (x86)/arm gnu toolchain arm-none-eabi/11.2 2022.02/bin/../lib/gcc/arm-none-eabi/11.2.1/thumb/v7e-m/nofp\libc.a(lib_a-fstatr.o)
 .text          0x08000bf4        0x0 c:/program files (x86)/arm gnu toolchain arm-none-eabi/11.2 2022.02/bin/../lib/gcc/arm-none-eabi/11.2.1/thumb/v7e-m/nofp\libc.a(lib_a-isattyr.o)
 .text          0x08000bf4        0x0 c:/program files (x86)/arm gnu toolchain arm-none-eabi/11.2 2022.02/bin/../lib/gcc/arm-none-eabi/11.2.1/thumb/v7e-m/nofp\librdimon.a(rdimon-syscalls.o)
 .text          0x08000bf4        0x0 c:/program files (x86)/arm gnu toolchain arm-none-eabi/11.2 2022.02/bin/../lib/gcc/arm-none-eabi/11.2.1/thumb/v7e-m/nofp\librdimon.a(rdimon-_exit.o)
 .text          0x08000bf4        0x0 c:/program files (x86)/arm gnu toolchain arm-none-eabi/11.2 2022.02/bin/../lib/gcc/arm-none-eabi/11.2.1/thumb/v7e-m/nofp\librdimon.a(rdimon-_kill.o)
 .text          0x08000bf4        0x0 c:/program files (x86)/arm gnu toolchain arm-none-eabi/11.2 2022.02/bin/../lib/gcc/arm-none-eabi/11.2.1/thumb/v7e-m/nofp\libc.a(lib_a-errno.o)
 .text          0x08000bf4        0x0 c:/program files (x86)/arm gnu toolchain arm-none-eabi/11.2 2022.02/bin/../lib/gcc/arm-none-eabi/11.2.1/thumb/v7e-m/nofp/crtend.o
 .text          0x08000bf4        0x0 c:/program files (x86)/arm gnu toolchain arm-none-eabi/11.2 2022.02/bin/../lib/gcc/arm-none-eabi/11.2.1/thumb/v7e-m/nofp/crtn.o
 *(.text.*)
 .text.deregister_tm_clones
                0x08000bf4       0x1c c:/program files (x86)/arm gnu toolchain arm-none-eabi/11.2 2022.02/bin/../lib/gcc/arm-none-eabi/11.2.1/thumb/v7e-m/nofp/crtbegin.o
 .text.register_tm_clones
                0x08000c10       0x24 c:/program files (x86)/arm gnu toolchain arm-none-eabi/11.2 2022.02/bin/../lib/gcc/arm-none-eabi/11.2.1/thumb/v7e-m/nofp/crtbegin.o
 .text.__do_global_dtors_aux
                0x08000c34       0x28 c:/program files (x86)/arm gnu toolchain arm-none-eabi/11.2 2022.02/bin/../lib/gcc/arm-none-eabi/11.2.1/thumb/v7e-m/nofp/crtbegin.o
 .text.frame_dummy
                0x08000c5c       0x24 c:/program files (x86)/arm gnu toolchain arm-none-eabi/11.2 2022.02/bin/../lib/gcc/arm-none-eabi/11.2.1/thumb/v7e-m/nofp/crtbegin.o
 .text.exit     0x08000c80       0x20 c:/program files (x86)/arm gnu toolchain arm-none-eabi/11.2 2022.02/bin/../lib/gcc/arm-none-eabi/11.2.1/thumb/v7e-m/nofp\libc.a(lib_a-exit.o)
                0x08000c80                exit
 .text.__libc_init_array
                0x08000ca0       0x48 c:/program files (x86)/arm gnu toolchain arm-none-eabi/11.2 2022.02/bin/../lib/gcc/arm-none-eabi/11.2.1/thumb/v7e-m/nofp\libc.a(lib_a-init.o)
                0x08000ca0                __libc_init_array
 .text.memset   0x08000ce8       0xa4 c:/program files (x86)/arm gnu toolchain arm-none-eabi/11.2 2022.02/bin/../lib/gcc/arm-none-eabi/11.2.1/thumb/v7e-m/nofp\libc.a(lib_a-memset.o)
                0x08000ce8                memset
 .text._puts_r  0x08000d8c       0x68 c:/program files (x86)/arm gnu toolchain arm-none-eabi/11.2 2022.02/bin/../lib/gcc/arm-none-eabi/11.2.1/thumb/v7e-m/nofp\libc.a(lib_a-puts.o)
                0x08000d8c                _puts_r
 .text.puts     0x08000df4       0x10 c:/program files (x86)/arm gnu toolchain arm-none-eabi/11.2 2022.02/bin/../lib/gcc/arm-none-eabi/11.2.1/thumb/v7e-m/nofp\libc.a(lib_a-puts.o)
                0x08000df4                puts
 .text.__call_exitprocs
                0x08000e04       0xb0 c:/program files (x86)/arm gnu toolchain arm-none-eabi/11.2 2022.02/bin/../lib/gcc/arm-none-eabi/11.2.1/thumb/v7e-m/nofp\libc.a(lib_a-__call_atexit.o)
                0x08000e04                __call_exitprocs
 .text.__fp_lock
                0x08000eb4        0x4 c:/program files (x86)/arm gnu toolchain arm-none-eabi/11.2 2022.02/bin/../lib/gcc/arm-none-eabi/11.2.1/thumb/v7e-m/nofp\libc.a(lib_a-findfp.o)
 .text._cleanup_r
                0x08000eb8        0xc c:/program files (x86)/arm gnu toolchain arm-none-eabi/11.2 2022.02/bin/../lib/gcc/arm-none-eabi/11.2.1/thumb/v7e-m/nofp\libc.a(lib_a-findfp.o)
                0x08000eb8                _cleanup_r
 .text.__fp_unlock
                0x08000ec4        0x4 c:/program files (x86)/arm gnu toolchain arm-none-eabi/11.2 2022.02/bin/../lib/gcc/arm-none-eabi/11.2.1/thumb/v7e-m/nofp\libc.a(lib_a-findfp.o)
 .text.__sinit.part.0
                0x08000ec8       0xd8 c:/program files (x86)/arm gnu toolchain arm-none-eabi/11.2 2022.02/bin/../lib/gcc/arm-none-eabi/11.2.1/thumb/v7e-m/nofp\libc.a(lib_a-findfp.o)
 .text.__sfmoreglue
                0x08000fa0       0x30 c:/program files (x86)/arm gnu toolchain arm-none-eabi/11.2 2022.02/bin/../lib/gcc/arm-none-eabi/11.2.1/thumb/v7e-m/nofp\libc.a(lib_a-findfp.o)
                0x08000fa0                __sfmoreglue
 .text.__sfp    0x08000fd0       0xa8 c:/program files (x86)/arm gnu toolchain arm-none-eabi/11.2 2022.02/bin/../lib/gcc/arm-none-eabi/11.2.1/thumb/v7e-m/nofp\libc.a(lib_a-findfp.o)
                0x08000fd0                __sfp
 .text._cleanup
                0x08001078       0x14 c:/program files (x86)/arm gnu toolchain arm-none-eabi/11.2 2022.02/bin/../lib/gcc/arm-none-eabi/11.2.1/thumb/v7e-m/nofp\libc.a(lib_a-findfp.o)
                0x08001078                _cleanup
 .text.__sinit  0x0800108c        0xc c:/program files (x86)/arm gnu toolchain arm-none-eabi/11.2 2022.02/bin/../lib/gcc/arm-none-eabi/11.2.1/thumb/v7e-m/nofp\libc.a(lib_a-findfp.o)
                0x0800108c                __sinit
 .text.__sfp_lock_acquire
                0x08001098        0x4 c:/program files (x86)/arm gnu toolchain arm-none-eabi/11.2 2022.02/bin/../lib/gcc/arm-none-eabi/11.2.1/thumb/v7e-m/nofp\libc.a(lib_a-findfp.o)
                0x08001098                __sfp_lock_acquire
 .text.__sfp_lock_release
                0x0800109c        0x4 c:/program files (x86)/arm gnu toolchain arm-none-eabi/11.2 2022.02/bin/../lib/gcc/arm-none-eabi/11.2.1/thumb/v7e-m/nofp\libc.a(lib_a-findfp.o)
                0x0800109c                __sfp_lock_release
 .text.__sinit_lock_acquire
                0x080010a0        0x4 c:/program files (x86)/arm gnu toolchain arm-none-eabi/11.2 2022.02/bin/../lib/gcc/arm-none-eabi/11.2.1/thumb/v7e-m/nofp\libc.a(lib_a-findfp.o)
                0x080010a0                __sinit_lock_acquire
 .text.__sinit_lock_release
                0x080010a4        0x4 c:/program files (x86)/arm gnu toolchain arm-none-eabi/11.2 2022.02/bin/../lib/gcc/arm-none-eabi/11.2.1/thumb/v7e-m/nofp\libc.a(lib_a-findfp.o)
                0x080010a4                __sinit_lock_release
 .text.__fp_lock_all
                0x080010a8       0x14 c:/program files (x86)/arm gnu toolchain arm-none-eabi/11.2 2022.02/bin/../lib/gcc/arm-none-eabi/11.2.1/thumb/v7e-m/nofp\libc.a(lib_a-findfp.o)
                0x080010a8                __fp_lock_all
 .text.__fp_unlock_all
                0x080010bc       0x14 c:/program files (x86)/arm gnu toolchain arm-none-eabi/11.2 2022.02/bin/../lib/gcc/arm-none-eabi/11.2.1/thumb/v7e-m/nofp\libc.a(lib_a-findfp.o)
                0x080010bc                __fp_unlock_all
 .text.__sfvwrite_r
                0x080010d0      0x2e8 c:/program files (x86)/arm gnu toolchain arm-none-eabi/11.2 2022.02/bin/../lib/gcc/arm-none-eabi/11.2.1/thumb/v7e-m/nofp\libc.a(lib_a-fvwrite.o)
                0x080010d0                __sfvwrite_r
 .text._fwalk   0x080013b8       0x40 c:/program files (x86)/arm gnu toolchain arm-none-eabi/11.2 2022.02/bin/../lib/gcc/arm-none-eabi/11.2.1/thumb/v7e-m/nofp\libc.a(lib_a-fwalk.o)
                0x080013b8                _fwalk
 .text._fwalk_reent
                0x080013f8       0x48 c:/program files (x86)/arm gnu toolchain arm-none-eabi/11.2 2022.02/bin/../lib/gcc/arm-none-eabi/11.2.1/thumb/v7e-m/nofp\libc.a(lib_a-fwalk.o)
                0x080013f8                _fwalk_reent
 .text._malloc_r
                0x08001440      0x560 c:/program files (x86)/arm gnu toolchain arm-none-eabi/11.2 2022.02/bin/../lib/gcc/arm-none-eabi/11.2.1/thumb/v7e-m/nofp\libc.a(lib_a-mallocr.o)
                0x08001440                _malloc_r
 .text.memmove  0x080019a0       0xf8 c:/program files (x86)/arm gnu toolchain arm-none-eabi/11.2 2022.02/bin/../lib/gcc/arm-none-eabi/11.2.1/thumb/v7e-m/nofp\libc.a(lib_a-memmove.o)
                0x080019a0                memmove
 .text.__malloc_lock
                0x08001a98        0x4 c:/program files (x86)/arm gnu toolchain arm-none-eabi/11.2 2022.02/bin/../lib/gcc/arm-none-eabi/11.2.1/thumb/v7e-m/nofp\libc.a(lib_a-mlock.o)
                0x08001a98                __malloc_lock
 .text.__malloc_unlock
                0x08001a9c        0x4 c:/program files (x86)/arm gnu toolchain arm-none-eabi/11.2 2022.02/bin/../lib/gcc/arm-none-eabi/11.2.1/thumb/v7e-m/nofp\libc.a(lib_a-mlock.o)
                0x08001a9c                __malloc_unlock
 .text._realloc_r
                0x08001aa0      0x3d8 c:/program files (x86)/arm gnu toolchain arm-none-eabi/11.2 2022.02/bin/../lib/gcc/arm-none-eabi/11.2.1/thumb/v7e-m/nofp\libc.a(lib_a-reallocr.o)
                0x08001aa0                _realloc_r
 .text._sbrk_r  0x08001e78       0x24 c:/program files (x86)/arm gnu toolchain arm-none-eabi/11.2 2022.02/bin/../lib/gcc/arm-none-eabi/11.2.1/thumb/v7e-m/nofp\libc.a(lib_a-sbrkr.o)
                0x08001e78                _sbrk_r
 .text.__sread  0x08001e9c       0x24 c:/program files (x86)/arm gnu toolchain arm-none-eabi/11.2 2022.02/bin/../lib/gcc/arm-none-eabi/11.2.1/thumb/v7e-m/nofp\libc.a(lib_a-stdio.o)
                0x08001e9c                __sread
 .text.__seofread
                0x08001ec0        0x4 c:/program files (x86)/arm gnu toolchain arm-none-eabi/11.2 2022.02/bin/../lib/gcc/arm-none-eabi/11.2.1/thumb/v7e-m/nofp\libc.a(lib_a-stdio.o)
                0x08001ec0                __seofread
 .text.__swrite
                0x08001ec4       0x40 c:/program files (x86)/arm gnu toolchain arm-none-eabi/11.2 2022.02/bin/../lib/gcc/arm-none-eabi/11.2.1/thumb/v7e-m/nofp\libc.a(lib_a-stdio.o)
                0x08001ec4                __swrite
 .text.__sseek  0x08001f04       0x20 c:/program files (x86)/arm gnu toolchain arm-none-eabi/11.2 2022.02/bin/../lib/gcc/arm-none-eabi/11.2.1/thumb/v7e-m/nofp\libc.a(lib_a-stdio.o)
                0x08001f04                __sseek
 .text.__sclose
                0x08001f24        0x8 c:/program files (x86)/arm gnu toolchain arm-none-eabi/11.2 2022.02/bin/../lib/gcc/arm-none-eabi/11.2.1/thumb/v7e-m/nofp\libc.a(lib_a-stdio.o)
                0x08001f24                __sclose
 .text._write_r
                0x08001f2c       0x2c c:/program files (x86)/arm gnu toolchain arm-none-eabi/11.2 2022.02/bin/../lib/gcc/arm-none-eabi/11.2.1/thumb/v7e-m/nofp\libc.a(lib_a-writer.o)
                0x08001f2c                _write_r
 .text.__swsetup_r
                0x08001f58       0xd4 c:/program files (x86)/arm gnu toolchain arm-none-eabi/11.2 2022.02/bin/../lib/gcc/arm-none-eabi/11.2.1/thumb/v7e-m/nofp\libc.a(lib_a-wsetup.o)
                0x08001f58                __swsetup_r
 .text._close_r
                0x0800202c       0x24 c:/program files (x86)/arm gnu toolchain arm-none-eabi/11.2 2022.02/bin/../lib/gcc/arm-none-eabi/11.2.1/thumb/v7e-m/nofp\libc.a(lib_a-closer.o)
                0x0800202c                _close_r
 .text._fclose_r
                0x08002050       0x88 c:/program files (x86)/arm gnu toolchain arm-none-eabi/11.2 2022.02/bin/../lib/gcc/arm-none-eabi/11.2.1/thumb/v7e-m/nofp\libc.a(lib_a-fclose.o)
                0x08002050                _fclose_r
 .text.fclose   0x080020d8       0x10 c:/program files (x86)/arm gnu toolchain arm-none-eabi/11.2 2022.02/bin/../lib/gcc/arm-none-eabi/11.2.1/thumb/v7e-m/nofp\libc.a(lib_a-fclose.o)
                0x080020d8                fclose
 .text.__sflush_r
                0x080020e8      0x120 c:/program files (x86)/arm gnu toolchain arm-none-eabi/11.2 2022.02/bin/../lib/gcc/arm-none-eabi/11.2.1/thumb/v7e-m/nofp\libc.a(lib_a-fflush.o)
                0x080020e8                __sflush_r
 .text._fflush_r
                0x08002208       0x2c c:/program files (x86)/arm gnu toolchain arm-none-eabi/11.2 2022.02/bin/../lib/gcc/arm-none-eabi/11.2.1/thumb/v7e-m/nofp\libc.a(lib_a-fflush.o)
                0x08002208                _fflush_r
 .text.fflush   0x08002234       0x50 c:/program files (x86)/arm gnu toolchain arm-none-eabi/11.2 2022.02/bin/../lib/gcc/arm-none-eabi/11.2.1/thumb/v7e-m/nofp\libc.a(lib_a-fflush.o)
                0x08002234                fflush
 .text._malloc_trim_r
                0x08002284       0xa0 c:/program files (x86)/arm gnu toolchain arm-none-eabi/11.2 2022.02/bin/../lib/gcc/arm-none-eabi/11.2.1/thumb/v7e-m/nofp\libc.a(lib_a-freer.o)
                0x08002284                _malloc_trim_r
 .text._free_r  0x08002324      0x20c c:/program files (x86)/arm gnu toolchain arm-none-eabi/11.2 2022.02/bin/../lib/gcc/arm-none-eabi/11.2.1/thumb/v7e-m/nofp\libc.a(lib_a-freer.o)
                0x08002324                _free_r
 .text._lseek_r
                0x08002530       0x2c c:/program files (x86)/arm gnu toolchain arm-none-eabi/11.2 2022.02/bin/../lib/gcc/arm-none-eabi/11.2.1/thumb/v7e-m/nofp\libc.a(lib_a-lseekr.o)
                0x08002530                _lseek_r
 .text.__smakebuf_r
                0x0800255c       0xe0 c:/program files (x86)/arm gnu toolchain arm-none-eabi/11.2 2022.02/bin/../lib/gcc/arm-none-eabi/11.2.1/thumb/v7e-m/nofp\libc.a(lib_a-makebuf.o)
                0x0800255c                __smakebuf_r
 .text.__swhatbuf_r
                0x0800263c       0x60 c:/program files (x86)/arm gnu toolchain arm-none-eabi/11.2 2022.02/bin/../lib/gcc/arm-none-eabi/11.2.1/thumb/v7e-m/nofp\libc.a(lib_a-makebuf.o)
                0x0800263c                __swhatbuf_r
 .text._read_r  0x0800269c       0x2c c:/program files (x86)/arm gnu toolchain arm-none-eabi/11.2 2022.02/bin/../lib/gcc/arm-none-eabi/11.2.1/thumb/v7e-m/nofp\libc.a(lib_a-readr.o)
                0x0800269c                _read_r
 .text.cleanup_glue
                0x080026c8       0x48 c:/program files (x86)/arm gnu toolchain arm-none-eabi/11.2 2022.02/bin/../lib/gcc/arm-none-eabi/11.2.1/thumb/v7e-m/nofp\libc.a(lib_a-reent.o)
                0x080026c8                cleanup_glue
 .text._reclaim_reent
                0x08002710       0x90 c:/program files (x86)/arm gnu toolchain arm-none-eabi/11.2 2022.02/bin/../lib/gcc/arm-none-eabi/11.2.1/thumb/v7e-m/nofp\libc.a(lib_a-reent.o)
                0x08002710                _reclaim_reent
 .text._fstat_r
                0x080027a0       0x2c c:/program files (x86)/arm gnu toolchain arm-none-eabi/11.2 2022.02/bin/../lib/gcc/arm-none-eabi/11.2.1/thumb/v7e-m/nofp\libc.a(lib_a-fstatr.o)
                0x080027a0                _fstat_r
 .text._isatty_r
                0x080027cc       0x24 c:/program files (x86)/arm gnu toolchain arm-none-eabi/11.2 2022.02/bin/../lib/gcc/arm-none-eabi/11.2.1/thumb/v7e-m/nofp\libc.a(lib_a-isattyr.o)
                0x080027cc                _isatty_r
 .text._swiread
                0x080027f0       0x3c c:/program files (x86)/arm gnu toolchain arm-none-eabi/11.2 2022.02/bin/../lib/gcc/arm-none-eabi/11.2.1/thumb/v7e-m/nofp\librdimon.a(rdimon-syscalls.o)
                0x080027f0                _swiread
 .text._read    0x0800282c       0x90 c:/program files (x86)/arm gnu toolchain arm-none-eabi/11.2 2022.02/bin/../lib/gcc/arm-none-eabi/11.2.1/thumb/v7e-m/nofp\librdimon.a(rdimon-syscalls.o)
                0x0800282c                _read
 .text._swilseek
                0x080028bc       0xe4 c:/program files (x86)/arm gnu toolchain arm-none-eabi/11.2 2022.02/bin/../lib/gcc/arm-none-eabi/11.2.1/thumb/v7e-m/nofp\librdimon.a(rdimon-syscalls.o)
                0x080028bc                _swilseek
 .text._lseek   0x080029a0        0x4 c:/program files (x86)/arm gnu toolchain arm-none-eabi/11.2 2022.02/bin/../lib/gcc/arm-none-eabi/11.2.1/thumb/v7e-m/nofp\librdimon.a(rdimon-syscalls.o)
                0x080029a0                _lseek
 .text._swiwrite
                0x080029a4       0x3c c:/program files (x86)/arm gnu toolchain arm-none-eabi/11.2 2022.02/bin/../lib/gcc/arm-none-eabi/11.2.1/thumb/v7e-m/nofp\librdimon.a(rdimon-syscalls.o)
                0x080029a4                _swiwrite
 .text._write   0x080029e0       0xbc c:/program files (x86)/arm gnu toolchain arm-none-eabi/11.2 2022.02/bin/../lib/gcc/arm-none-eabi/11.2.1/thumb/v7e-m/nofp\librdimon.a(rdimon-syscalls.o)
                0x080029e0                _write
 .text._swiclose
                0x08002a9c       0x38 c:/program files (x86)/arm gnu toolchain arm-none-eabi/11.2 2022.02/bin/../lib/gcc/arm-none-eabi/11.2.1/thumb/v7e-m/nofp\librdimon.a(rdimon-syscalls.o)
                0x08002a9c                _swiclose
 .text._close   0x08002ad4       0x98 c:/program files (x86)/arm gnu toolchain arm-none-eabi/11.2 2022.02/bin/../lib/gcc/arm-none-eabi/11.2.1/thumb/v7e-m/nofp\librdimon.a(rdimon-syscalls.o)
                0x08002ad4                _close
 .text._getpid  0x08002b6c        0x4 c:/program files (x86)/arm gnu toolchain arm-none-eabi/11.2 2022.02/bin/../lib/gcc/arm-none-eabi/11.2.1/thumb/v7e-m/nofp\librdimon.a(rdimon-syscalls.o)
                0x08002b6c                _getpid
 .text._sbrk    0x08002b70       0x48 c:/program files (x86)/arm gnu toolchain arm-none-eabi/11.2 2022.02/bin/../lib/gcc/arm-none-eabi/11.2.1/thumb/v7e-m/nofp\librdimon.a(rdimon-syscalls.o)
                0x08002b70                _sbrk
 .text._swistat
                0x08002bb8       0x80 c:/program files (x86)/arm gnu toolchain arm-none-eabi/11.2 2022.02/bin/../lib/gcc/arm-none-eabi/11.2.1/thumb/v7e-m/nofp\librdimon.a(rdimon-syscalls.o)
                0x08002bb8                _swistat
 .text._fstat   0x08002c38       0x1c c:/program files (x86)/arm gnu toolchain arm-none-eabi/11.2 2022.02/bin/../lib/gcc/arm-none-eabi/11.2.1/thumb/v7e-m/nofp\librdimon.a(rdimon-syscalls.o)
                0x08002c38                _fstat
 .text._stat    0x08002c54       0x3c c:/program files (x86)/arm gnu toolchain arm-none-eabi/11.2 2022.02/bin/../lib/gcc/arm-none-eabi/11.2.1/thumb/v7e-m/nofp\librdimon.a(rdimon-syscalls.o)
                0x08002c54                _stat
 .text._swiopen
                0x08002c90       0xcc c:/program files (x86)/arm gnu toolchain arm-none-eabi/11.2 2022.02/bin/../lib/gcc/arm-none-eabi/11.2.1/thumb/v7e-m/nofp\librdimon.a(rdimon-syscalls.o)
                0x08002c90                _swiopen
 .text._open    0x08002d5c       0x14 c:/program files (x86)/arm gnu toolchain arm-none-eabi/11.2 2022.02/bin/../lib/gcc/arm-none-eabi/11.2.1/thumb/v7e-m/nofp\librdimon.a(rdimon-syscalls.o)
                0x08002d5c                _open
 .text._get_semihosting_exts
                0x08002d70      0x110 c:/program files (x86)/arm gnu toolchain arm-none-eabi/11.2 2022.02/bin/../lib/gcc/arm-none-eabi/11.2.1/thumb/v7e-m/nofp\librdimon.a(rdimon-syscalls.o)
                0x08002d70                _get_semihosting_exts
 .text._has_ext_exit_extended
                0x08002e80       0x48 c:/program files (x86)/arm gnu toolchain arm-none-eabi/11.2 2022.02/bin/../lib/gcc/arm-none-eabi/11.2.1/thumb/v7e-m/nofp\librdimon.a(rdimon-syscalls.o)
                0x08002e80                _has_ext_exit_extended
 .text._has_ext_stdout_stderr
                0x08002ec8       0x48 c:/program files (x86)/arm gnu toolchain arm-none-eabi/11.2 2022.02/bin/../lib/gcc/arm-none-eabi/11.2.1/thumb/v7e-m/nofp\librdimon.a(rdimon-syscalls.o)
                0x08002ec8                _has_ext_stdout_stderr
 .text.initialise_monitor_handles
                0x08002f10      0x158 c:/program files (x86)/arm gnu toolchain arm-none-eabi/11.2 2022.02/bin/../lib/gcc/arm-none-eabi/11.2.1/thumb/v7e-m/nofp\librdimon.a(rdimon-syscalls.o)
                0x08002f10                initialise_monitor_handles
 .text._link    0x08003068       0x10 c:/program files (x86)/arm gnu toolchain arm-none-eabi/11.2 2022.02/bin/../lib/gcc/arm-none-eabi/11.2.1/thumb/v7e-m/nofp\librdimon.a(rdimon-syscalls.o)
                0x08003068                _link
 .text._unlink  0x08003078       0x40 c:/program files (x86)/arm gnu toolchain arm-none-eabi/11.2 2022.02/bin/../lib/gcc/arm-none-eabi/11.2.1/thumb/v7e-m/nofp\librdimon.a(rdimon-syscalls.o)
                0x08003078                _unlink
 .text._gettimeofday
                0x080030b8       0x28 c:/program files (x86)/arm gnu toolchain arm-none-eabi/11.2 2022.02/bin/../lib/gcc/arm-none-eabi/11.2.1/thumb/v7e-m/nofp\librdimon.a(rdimon-syscalls.o)
                0x080030b8                _gettimeofday
 .text._clock   0x080030e0       0x14 c:/program files (x86)/arm gnu toolchain arm-none-eabi/11.2 2022.02/bin/../lib/gcc/arm-none-eabi/11.2.1/thumb/v7e-m/nofp\librdimon.a(rdimon-syscalls.o)
                0x080030e0                _clock
 .text._times   0x080030f4       0x20 c:/program files (x86)/arm gnu toolchain arm-none-eabi/11.2 2022.02/bin/../lib/gcc/arm-none-eabi/11.2.1/thumb/v7e-m/nofp\librdimon.a(rdimon-syscalls.o)
                0x080030f4                _times
 .text._isatty  0x08003114       0x68 c:/program files (x86)/arm gnu toolchain arm-none-eabi/11.2 2022.02/bin/../lib/gcc/arm-none-eabi/11.2.1/thumb/v7e-m/nofp\librdimon.a(rdimon-syscalls.o)
                0x08003114                _isatty
 .text._system  0x0800317c       0x5c c:/program files (x86)/arm gnu toolchain arm-none-eabi/11.2 2022.02/bin/../lib/gcc/arm-none-eabi/11.2.1/thumb/v7e-m/nofp\librdimon.a(rdimon-syscalls.o)
                0x0800317c                _system
 .text._rename  0x080031d8       0x54 c:/program files (x86)/arm gnu toolchain arm-none-eabi/11.2 2022.02/bin/../lib/gcc/arm-none-eabi/11.2.1/thumb/v7e-m/nofp\librdimon.a(rdimon-syscalls.o)
                0x080031d8                _rename
 .text._exit    0x0800322c       0x14 c:/program files (x86)/arm gnu toolchain arm-none-eabi/11.2 2022.02/bin/../lib/gcc/arm-none-eabi/11.2.1/thumb/v7e-m/nofp\librdimon.a(rdimon-_exit.o)
                0x0800322c                _exit
 .text._kill_shared
                0x08003240       0x30 c:/program files (x86)/arm gnu toolchain arm-none-eabi/11.2 2022.02/bin/../lib/gcc/arm-none-eabi/11.2.1/thumb/v7e-m/nofp\librdimon.a(rdimon-_kill.o)
                0x08003240                _kill_shared
 .text._kill    0x08003270       0x1c c:/program files (x86)/arm gnu toolchain arm-none-eabi/11.2 2022.02/bin/../lib/gcc/arm-none-eabi/11.2.1/thumb/v7e-m/nofp\librdimon.a(rdimon-_kill.o)
                0x08003270                _kill
 .text.__errno  0x0800328c        0xc c:/program files (x86)/arm gnu toolchain arm-none-eabi/11.2 2022.02/bin/../lib/gcc/arm-none-eabi/11.2.1/thumb/v7e-m/nofp\libc.a(lib_a-errno.o)
                0x0800328c                __errno
 *(.init)
 .init          0x08003298        0x4 c:/program files (x86)/arm gnu toolchain arm-none-eabi/11.2 2022.02/bin/../lib/gcc/arm-none-eabi/11.2.1/thumb/v7e-m/nofp/crti.o
                0x08003298                _init
 .init          0x0800329c        0x8 c:/program files (x86)/arm gnu toolchain arm-none-eabi/11.2 2022.02/bin/../lib/gcc/arm-none-eabi/11.2.1/thumb/v7e-m/nofp/crtn.o
 *(.fini)
 .fini          0x080032a4        0x4 c:/program files (x86)/arm gnu toolchain arm-none-eabi/11.2 2022.02/bin/../lib/gcc/arm-none-eabi/11.2.1/thumb/v7e-m/nofp/crti.o
                0x080032a4                _fini
 .fini          0x080032a8        0x8 c:/program files (x86)/arm gnu toolchain arm-none-eabi/11.2 2022.02/bin/../lib/gcc/arm-none-eabi/11.2.1/thumb/v7e-m/nofp/crtn.o
 *(.rodata)
 .rodata        0x080032b0       0xc9 led_main.o
                0x080032b0                const_v_1
                0x080032b4                const_v_2
                0x080032b8                const_v_3
 *(.rodata.*)
 *fill*         0x08003379        0x3 
 .rodata.all_implied_fbits
                0x0800337c       0x24 c:/program files (x86)/arm gnu toolchain arm-none-eabi/11.2 2022.02/bin/../lib/gcc/arm-none-eabi/11.2.1/thumb/v7e-m/nofp/crtbegin.o
 .rodata._global_impure_ptr
                0x080033a0        0x4 c:/program files (x86)/arm gnu toolchain arm-none-eabi/11.2 2022.02/bin/../lib/gcc/arm-none-eabi/11.2.1/thumb/v7e-m/nofp\libc.a(lib_a-impure.o)
                0x080033a0                _global_impure_ptr
 .rodata._puts_r.str1.4
                0x080033a4        0x2 c:/program files (x86)/arm gnu toolchain arm-none-eabi/11.2 2022.02/bin/../lib/gcc/arm-none-eabi/11.2.1/thumb/v7e-m/nofp\libc.a(lib_a-puts.o)
 *fill*         0x080033a6        0x2 
 .rodata._get_semihosting_exts.str1.4
                0x080033a8       0x16 c:/program files (x86)/arm gnu toolchain arm-none-eabi/11.2 2022.02/bin/../lib/gcc/arm-none-eabi/11.2.1/thumb/v7e-m/nofp\librdimon.a(rdimon-syscalls.o)
 *fill*         0x080033be        0x2 
 .rodata.initialise_monitor_handles.str1.4
                0x080033c0        0x4 c:/program files (x86)/arm gnu toolchain arm-none-eabi/11.2 2022.02/bin/../lib/gcc/arm-none-eabi/11.2.1/thumb/v7e-m/nofp\librdimon.a(rdimon-syscalls.o)
 .rodata.all_implied_fbits
                0x080033c4       0x24 c:/program files (x86)/arm gnu toolchain arm-none-eabi/11.2 2022.02/bin/../lib/gcc/arm-none-eabi/11.2.1/thumb/v7e-m/nofp/crtend.o
                0x080033e8                . = ALIGN (0x4)
                0x080033e8                _etext = .
                0x080033f4                _la_data = LOADADDR (.data)

.glue_7         0x080033e8        0x0
 .glue_7        0x080033e8        0x0 linker stubs

.glue_7t        0x080033e8        0x0
 .glue_7t       0x080033e8        0x0 linker stubs

.vfp11_veneer   0x080033e8        0x0
 .vfp11_veneer  0x080033e8        0x0 linker stubs

.v4_bx          0x080033e8        0x0
 .v4_bx         0x080033e8        0x0 linker stubs

.iplt           0x080033e8        0x0
 .iplt          0x080033e8        0x0 c:/program files (x86)/arm gnu toolchain arm-none-eabi/11.2 2022.02/bin/../lib/gcc/arm-none-eabi/11.2.1/thumb/v7e-m/nofp/crtbegin.o

.eh_frame       0x080033e8        0x4
 .eh_frame      0x080033e8        0x0 c:/program files (x86)/arm gnu toolchain arm-none-eabi/11.2 2022.02/bin/../lib/gcc/arm-none-eabi/11.2.1/thumb/v7e-m/nofp/crtbegin.o
 .eh_frame      0x080033e8        0x4 c:/program files (x86)/arm gnu toolchain arm-none-eabi/11.2 2022.02/bin/../lib/gcc/arm-none-eabi/11.2.1/thumb/v7e-m/nofp/crtend.o

.ARM.extab      0x080033ec        0x0
 .ARM.extab     0x080033ec        0x0 c:/program files (x86)/arm gnu toolchain arm-none-eabi/11.2 2022.02/bin/../lib/gcc/arm-none-eabi/11.2.1/thumb/v7e-m/nofp/rdimon-crt0.o

.ARM.exidx      0x080033ec        0x8
 .ARM.exidx     0x080033ec        0x8 c:/program files (x86)/arm gnu toolchain arm-none-eabi/11.2 2022.02/bin/../lib/gcc/arm-none-eabi/11.2.1/thumb/v7e-m/nofp/rdimon-crt0.o
                                 0x10 (size before relaxing)

.rel.dyn        0x080033f4        0x0
 .rel.iplt      0x080033f4        0x0 c:/program files (x86)/arm gnu toolchain arm-none-eabi/11.2 2022.02/bin/../lib/gcc/arm-none-eabi/11.2.1/thumb/v7e-m/nofp/crtbegin.o

.data           0x20000000      0x96c load address 0x080033f4
                0x20000000                _sdata = .
 *(.data)
 .data          0x20000000        0x0 c:/program files (x86)/arm gnu toolchain arm-none-eabi/11.2 2022.02/bin/../lib/gcc/arm-none-eabi/11.2.1/thumb/v7e-m/nofp/crti.o
 .data          0x20000000        0x0 c:/program files (x86)/arm gnu toolchain arm-none-eabi/11.2 2022.02/bin/../lib/gcc/arm-none-eabi/11.2.1/thumb/v7e-m/nofp/crtbegin.o
 .data          0x20000000      0x118 c:/program files (x86)/arm gnu toolchain arm-none-eabi/11.2 2022.02/bin/../lib/gcc/arm-none-eabi/11.2.1/thumb/v7e-m/nofp/rdimon-crt0.o
                0x20000008                __stack_base__
 .data          0x20000118        0x1 led_main.o
                0x20000118                current_task
 .data          0x20000119        0x0 led.o
 .data          0x20000119        0x0 stm32_startup.o
 .data          0x20000119        0x0 c:/program files (x86)/arm gnu toolchain arm-none-eabi/11.2 2022.02/bin/../lib/gcc/arm-none-eabi/11.2.1/thumb/v7e-m/nofp\libc.a(lib_a-exit.o)
 .data          0x20000119        0x0 c:/program files (x86)/arm gnu toolchain arm-none-eabi/11.2 2022.02/bin/../lib/gcc/arm-none-eabi/11.2.1/thumb/v7e-m/nofp\libc.a(lib_a-impure.o)
 .data          0x20000119        0x0 c:/program files (x86)/arm gnu toolchain arm-none-eabi/11.2 2022.02/bin/../lib/gcc/arm-none-eabi/11.2.1/thumb/v7e-m/nofp\libc.a(lib_a-init.o)
 .data          0x20000119        0x0 c:/program files (x86)/arm gnu toolchain arm-none-eabi/11.2 2022.02/bin/../lib/gcc/arm-none-eabi/11.2.1/thumb/v7e-m/nofp\libc.a(lib_a-memset.o)
 .data          0x20000119        0x0 c:/program files (x86)/arm gnu toolchain arm-none-eabi/11.2 2022.02/bin/../lib/gcc/arm-none-eabi/11.2.1/thumb/v7e-m/nofp\libc.a(lib_a-puts.o)
 .data          0x20000119        0x0 c:/program files (x86)/arm gnu toolchain arm-none-eabi/11.2 2022.02/bin/../lib/gcc/arm-none-eabi/11.2.1/thumb/v7e-m/nofp\libc.a(lib_a-strlen.o)
 .data          0x20000119        0x0 c:/program files (x86)/arm gnu toolchain arm-none-eabi/11.2 2022.02/bin/../lib/gcc/arm-none-eabi/11.2.1/thumb/v7e-m/nofp\libc.a(lib_a-__call_atexit.o)
 .data          0x20000119        0x0 c:/program files (x86)/arm gnu toolchain arm-none-eabi/11.2 2022.02/bin/../lib/gcc/arm-none-eabi/11.2.1/thumb/v7e-m/nofp\libc.a(lib_a-findfp.o)
 .data          0x20000119        0x0 c:/program files (x86)/arm gnu toolchain arm-none-eabi/11.2 2022.02/bin/../lib/gcc/arm-none-eabi/11.2.1/thumb/v7e-m/nofp\libc.a(lib_a-fvwrite.o)
 .data          0x20000119        0x0 c:/program files (x86)/arm gnu toolchain arm-none-eabi/11.2 2022.02/bin/../lib/gcc/arm-none-eabi/11.2.1/thumb/v7e-m/nofp\libc.a(lib_a-fwalk.o)
 .data          0x20000119        0x0 c:/program files (x86)/arm gnu toolchain arm-none-eabi/11.2 2022.02/bin/../lib/gcc/arm-none-eabi/11.2.1/thumb/v7e-m/nofp\libc.a(lib_a-mallocr.o)
 .data          0x20000119        0x0 c:/program files (x86)/arm gnu toolchain arm-none-eabi/11.2 2022.02/bin/../lib/gcc/arm-none-eabi/11.2.1/thumb/v7e-m/nofp\libc.a(lib_a-memchr.o)
 .data          0x20000119        0x0 c:/program files (x86)/arm gnu toolchain arm-none-eabi/11.2 2022.02/bin/../lib/gcc/arm-none-eabi/11.2.1/thumb/v7e-m/nofp\libc.a(lib_a-memcpy.o)
 .data          0x20000119        0x0 c:/program files (x86)/arm gnu toolchain arm-none-eabi/11.2 2022.02/bin/../lib/gcc/arm-none-eabi/11.2.1/thumb/v7e-m/nofp\libc.a(lib_a-memmove.o)
 .data          0x20000119        0x0 c:/program files (x86)/arm gnu toolchain arm-none-eabi/11.2 2022.02/bin/../lib/gcc/arm-none-eabi/11.2.1/thumb/v7e-m/nofp\libc.a(lib_a-mlock.o)
 .data          0x20000119        0x0 c:/program files (x86)/arm gnu toolchain arm-none-eabi/11.2 2022.02/bin/../lib/gcc/arm-none-eabi/11.2.1/thumb/v7e-m/nofp\libc.a(lib_a-reallocr.o)
 .data          0x20000119        0x0 c:/program files (x86)/arm gnu toolchain arm-none-eabi/11.2 2022.02/bin/../lib/gcc/arm-none-eabi/11.2.1/thumb/v7e-m/nofp\libc.a(lib_a-sbrkr.o)
 .data          0x20000119        0x0 c:/program files (x86)/arm gnu toolchain arm-none-eabi/11.2 2022.02/bin/../lib/gcc/arm-none-eabi/11.2.1/thumb/v7e-m/nofp\libc.a(lib_a-stdio.o)
 .data          0x20000119        0x0 c:/program files (x86)/arm gnu toolchain arm-none-eabi/11.2 2022.02/bin/../lib/gcc/arm-none-eabi/11.2.1/thumb/v7e-m/nofp\libc.a(lib_a-writer.o)
 .data          0x20000119        0x0 c:/program files (x86)/arm gnu toolchain arm-none-eabi/11.2 2022.02/bin/../lib/gcc/arm-none-eabi/11.2.1/thumb/v7e-m/nofp\libc.a(lib_a-wsetup.o)
 .data          0x20000119        0x0 c:/program files (x86)/arm gnu toolchain arm-none-eabi/11.2 2022.02/bin/../lib/gcc/arm-none-eabi/11.2.1/thumb/v7e-m/nofp\libc.a(lib_a-closer.o)
 .data          0x20000119        0x0 c:/program files (x86)/arm gnu toolchain arm-none-eabi/11.2 2022.02/bin/../lib/gcc/arm-none-eabi/11.2.1/thumb/v7e-m/nofp\libc.a(lib_a-fclose.o)
 .data          0x20000119        0x0 c:/program files (x86)/arm gnu toolchain arm-none-eabi/11.2 2022.02/bin/../lib/gcc/arm-none-eabi/11.2.1/thumb/v7e-m/nofp\libc.a(lib_a-fflush.o)
 .data          0x20000119        0x0 c:/program files (x86)/arm gnu toolchain arm-none-eabi/11.2 2022.02/bin/../lib/gcc/arm-none-eabi/11.2.1/thumb/v7e-m/nofp\libc.a(lib_a-freer.o)
 .data          0x20000119        0x0 c:/program files (x86)/arm gnu toolchain arm-none-eabi/11.2 2022.02/bin/../lib/gcc/arm-none-eabi/11.2.1/thumb/v7e-m/nofp\libc.a(lib_a-lseekr.o)
 .data          0x20000119        0x0 c:/program files (x86)/arm gnu toolchain arm-none-eabi/11.2 2022.02/bin/../lib/gcc/arm-none-eabi/11.2.1/thumb/v7e-m/nofp\libc.a(lib_a-makebuf.o)
 .data          0x20000119        0x0 c:/program files (x86)/arm gnu toolchain arm-none-eabi/11.2 2022.02/bin/../lib/gcc/arm-none-eabi/11.2.1/thumb/v7e-m/nofp\libc.a(lib_a-readr.o)
 .data          0x20000119        0x0 c:/program files (x86)/arm gnu toolchain arm-none-eabi/11.2 2022.02/bin/../lib/gcc/arm-none-eabi/11.2.1/thumb/v7e-m/nofp\libc.a(lib_a-reent.o)
 .data          0x20000119        0x0 c:/program files (x86)/arm gnu toolchain arm-none-eabi/11.2 2022.02/bin/../lib/gcc/arm-none-eabi/11.2.1/thumb/v7e-m/nofp\libc.a(lib_a-fstatr.o)
 .data          0x20000119        0x0 c:/program files (x86)/arm gnu toolchain arm-none-eabi/11.2 2022.02/bin/../lib/gcc/arm-none-eabi/11.2.1/thumb/v7e-m/nofp\libc.a(lib_a-isattyr.o)
 .data          0x20000119        0x0 c:/program files (x86)/arm gnu toolchain arm-none-eabi/11.2 2022.02/bin/../lib/gcc/arm-none-eabi/11.2.1/thumb/v7e-m/nofp\librdimon.a(rdimon-syscalls.o)
 .data          0x20000119        0x0 c:/program files (x86)/arm gnu toolchain arm-none-eabi/11.2 2022.02/bin/../lib/gcc/arm-none-eabi/11.2.1/thumb/v7e-m/nofp\librdimon.a(rdimon-_exit.o)
 .data          0x20000119        0x0 c:/program files (x86)/arm gnu toolchain arm-none-eabi/11.2 2022.02/bin/../lib/gcc/arm-none-eabi/11.2.1/thumb/v7e-m/nofp\librdimon.a(rdimon-_kill.o)
 .data          0x20000119        0x0 c:/program files (x86)/arm gnu toolchain arm-none-eabi/11.2 2022.02/bin/../lib/gcc/arm-none-eabi/11.2.1/thumb/v7e-m/nofp\libc.a(lib_a-errno.o)
 .data          0x20000119        0x0 c:/program files (x86)/arm gnu toolchain arm-none-eabi/11.2 2022.02/bin/../lib/gcc/arm-none-eabi/11.2.1/thumb/v7e-m/nofp/crtend.o
 .data          0x20000119        0x0 c:/program files (x86)/arm gnu toolchain arm-none-eabi/11.2 2022.02/bin/../lib/gcc/arm-none-eabi/11.2.1/thumb/v7e-m/nofp/crtn.o
 *(.data.*)
 *fill*         0x20000119        0x3 
 .data.__dso_handle
                0x2000011c        0x4 c:/program files (x86)/arm gnu toolchain arm-none-eabi/11.2 2022.02/bin/../lib/gcc/arm-none-eabi/11.2.1/thumb/v7e-m/nofp/crtbegin.o
                0x2000011c                __dso_handle
 .data._impure_ptr
                0x20000120        0x4 c:/program files (x86)/arm gnu toolchain arm-none-eabi/11.2 2022.02/bin/../lib/gcc/arm-none-eabi/11.2.1/thumb/v7e-m/nofp\libc.a(lib_a-impure.o)
                0x20000120                _impure_ptr
 *fill*         0x20000124        0x4 
 .data.impure_data
                0x20000128      0x428 c:/program files (x86)/arm gnu toolchain arm-none-eabi/11.2 2022.02/bin/../lib/gcc/arm-none-eabi/11.2.1/thumb/v7e-m/nofp\libc.a(lib_a-impure.o)
 .data.__malloc_av_
                0x20000550      0x408 c:/program files (x86)/arm gnu toolchain arm-none-eabi/11.2 2022.02/bin/../lib/gcc/arm-none-eabi/11.2.1/thumb/v7e-m/nofp\libc.a(lib_a-mallocr.o)
                0x20000550                __malloc_av_
 .data.__malloc_sbrk_base
                0x20000958        0x4 c:/program files (x86)/arm gnu toolchain arm-none-eabi/11.2 2022.02/bin/../lib/gcc/arm-none-eabi/11.2.1/thumb/v7e-m/nofp\libc.a(lib_a-mallocr.o)
                0x20000958                __malloc_sbrk_base
 .data.__malloc_trim_threshold
                0x2000095c        0x4 c:/program files (x86)/arm gnu toolchain arm-none-eabi/11.2 2022.02/bin/../lib/gcc/arm-none-eabi/11.2.1/thumb/v7e-m/nofp\libc.a(lib_a-mallocr.o)
                0x2000095c                __malloc_trim_threshold
 .data.__heap_limit
                0x20000960        0x4 c:/program files (x86)/arm gnu toolchain arm-none-eabi/11.2 2022.02/bin/../lib/gcc/arm-none-eabi/11.2.1/thumb/v7e-m/nofp\librdimon.a(rdimon-syscalls.o)
                0x20000960                __heap_limit
 .data.supports_ext_exit_extended
                0x20000964        0x4 c:/program files (x86)/arm gnu toolchain arm-none-eabi/11.2 2022.02/bin/../lib/gcc/arm-none-eabi/11.2.1/thumb/v7e-m/nofp\librdimon.a(rdimon-syscalls.o)
 .data.supports_ext_stdout_stderr
                0x20000968        0x4 c:/program files (x86)/arm gnu toolchain arm-none-eabi/11.2 2022.02/bin/../lib/gcc/arm-none-eabi/11.2.1/thumb/v7e-m/nofp\librdimon.a(rdimon-syscalls.o)
                0x2000096c                . = ALIGN (0x4)
                0x2000096c                _edata = .

.init_array     0x2000096c        0x4 load address 0x08003d60
 .init_array    0x2000096c        0x4 c:/program files (x86)/arm gnu toolchain arm-none-eabi/11.2 2022.02/bin/../lib/gcc/arm-none-eabi/11.2.1/thumb/v7e-m/nofp/crtbegin.o

.fini_array     0x20000970        0x4 load address 0x08003d64
 .fini_array    0x20000970        0x4 c:/program files (x86)/arm gnu toolchain arm-none-eabi/11.2 2022.02/bin/../lib/gcc/arm-none-eabi/11.2.1/thumb/v7e-m/nofp/crtbegin.o

.tm_clone_table
                0x20000974        0x0 load address 0x08003d68
 .tm_clone_table
                0x20000974        0x0 c:/program files (x86)/arm gnu toolchain arm-none-eabi/11.2 2022.02/bin/../lib/gcc/arm-none-eabi/11.2.1/thumb/v7e-m/nofp/crtbegin.o
 .tm_clone_table
                0x20000974        0x0 c:/program files (x86)/arm gnu toolchain arm-none-eabi/11.2 2022.02/bin/../lib/gcc/arm-none-eabi/11.2.1/thumb/v7e-m/nofp/crtend.o

.igot.plt       0x20000974        0x0 load address 0x08003d68
 .igot.plt      0x20000974        0x0 c:/program files (x86)/arm gnu toolchain arm-none-eabi/11.2 2022.02/bin/../lib/gcc/arm-none-eabi/11.2.1/thumb/v7e-m/nofp/crtbegin.o

.bss            0x20000974      0x158 load address 0x08003d68
                0x20000974                _sbss = .
                0x20000974                __bss_start__ = _sbss
 *(.bss)
 .bss           0x20000974        0x0 c:/program files (x86)/arm gnu toolchain arm-none-eabi/11.2 2022.02/bin/../lib/gcc/arm-none-eabi/11.2.1/thumb/v7e-m/nofp/crti.o
 .bss           0x20000974        0x0 c:/program files (x86)/arm gnu toolchain arm-none-eabi/11.2 2022.02/bin/../lib/gcc/arm-none-eabi/11.2.1/thumb/v7e-m/nofp/crtbegin.o
 .bss           0x20000974        0x0 c:/program files (x86)/arm gnu toolchain arm-none-eabi/11.2 2022.02/bin/../lib/gcc/arm-none-eabi/11.2.1/thumb/v7e-m/nofp/rdimon-crt0.o
 .bss           0x20000974       0x54 led_main.o
                0x20000974                g_tick_count
                0x20000978                user_tasks
 .bss           0x200009c8        0x0 led.o
 .bss           0x200009c8        0x0 stm32_startup.o
 .bss           0x200009c8        0x0 c:/program files (x86)/arm gnu toolchain arm-none-eabi/11.2 2022.02/bin/../lib/gcc/arm-none-eabi/11.2.1/thumb/v7e-m/nofp\libc.a(lib_a-exit.o)
 .bss           0x200009c8        0x0 c:/program files (x86)/arm gnu toolchain arm-none-eabi/11.2 2022.02/bin/../lib/gcc/arm-none-eabi/11.2.1/thumb/v7e-m/nofp\libc.a(lib_a-impure.o)
 .bss           0x200009c8        0x0 c:/program files (x86)/arm gnu toolchain arm-none-eabi/11.2 2022.02/bin/../lib/gcc/arm-none-eabi/11.2.1/thumb/v7e-m/nofp\libc.a(lib_a-init.o)
 .bss           0x200009c8        0x0 c:/program files (x86)/arm gnu toolchain arm-none-eabi/11.2 2022.02/bin/../lib/gcc/arm-none-eabi/11.2.1/thumb/v7e-m/nofp\libc.a(lib_a-memset.o)
 .bss           0x200009c8        0x0 c:/program files (x86)/arm gnu toolchain arm-none-eabi/11.2 2022.02/bin/../lib/gcc/arm-none-eabi/11.2.1/thumb/v7e-m/nofp\libc.a(lib_a-puts.o)
 .bss           0x200009c8        0x0 c:/program files (x86)/arm gnu toolchain arm-none-eabi/11.2 2022.02/bin/../lib/gcc/arm-none-eabi/11.2.1/thumb/v7e-m/nofp\libc.a(lib_a-strlen.o)
 .bss           0x200009c8        0x0 c:/program files (x86)/arm gnu toolchain arm-none-eabi/11.2 2022.02/bin/../lib/gcc/arm-none-eabi/11.2.1/thumb/v7e-m/nofp\libc.a(lib_a-__call_atexit.o)
 .bss           0x200009c8        0x0 c:/program files (x86)/arm gnu toolchain arm-none-eabi/11.2 2022.02/bin/../lib/gcc/arm-none-eabi/11.2.1/thumb/v7e-m/nofp\libc.a(lib_a-findfp.o)
 .bss           0x200009c8        0x0 c:/program files (x86)/arm gnu toolchain arm-none-eabi/11.2 2022.02/bin/../lib/gcc/arm-none-eabi/11.2.1/thumb/v7e-m/nofp\libc.a(lib_a-fvwrite.o)
 .bss           0x200009c8        0x0 c:/program files (x86)/arm gnu toolchain arm-none-eabi/11.2 2022.02/bin/../lib/gcc/arm-none-eabi/11.2.1/thumb/v7e-m/nofp\libc.a(lib_a-fwalk.o)
 .bss           0x200009c8        0x0 c:/program files (x86)/arm gnu toolchain arm-none-eabi/11.2 2022.02/bin/../lib/gcc/arm-none-eabi/11.2.1/thumb/v7e-m/nofp\libc.a(lib_a-mallocr.o)
 .bss           0x200009c8        0x0 c:/program files (x86)/arm gnu toolchain arm-none-eabi/11.2 2022.02/bin/../lib/gcc/arm-none-eabi/11.2.1/thumb/v7e-m/nofp\libc.a(lib_a-memchr.o)
 .bss           0x200009c8        0x0 c:/program files (x86)/arm gnu toolchain arm-none-eabi/11.2 2022.02/bin/../lib/gcc/arm-none-eabi/11.2.1/thumb/v7e-m/nofp\libc.a(lib_a-memcpy.o)
 .bss           0x200009c8        0x0 c:/program files (x86)/arm gnu toolchain arm-none-eabi/11.2 2022.02/bin/../lib/gcc/arm-none-eabi/11.2.1/thumb/v7e-m/nofp\libc.a(lib_a-memmove.o)
 .bss           0x200009c8        0x0 c:/program files (x86)/arm gnu toolchain arm-none-eabi/11.2 2022.02/bin/../lib/gcc/arm-none-eabi/11.2.1/thumb/v7e-m/nofp\libc.a(lib_a-mlock.o)
 .bss           0x200009c8        0x0 c:/program files (x86)/arm gnu toolchain arm-none-eabi/11.2 2022.02/bin/../lib/gcc/arm-none-eabi/11.2.1/thumb/v7e-m/nofp\libc.a(lib_a-reallocr.o)
 .bss           0x200009c8        0x0 c:/program files (x86)/arm gnu toolchain arm-none-eabi/11.2 2022.02/bin/../lib/gcc/arm-none-eabi/11.2.1/thumb/v7e-m/nofp\libc.a(lib_a-sbrkr.o)
 .bss           0x200009c8        0x0 c:/program files (x86)/arm gnu toolchain arm-none-eabi/11.2 2022.02/bin/../lib/gcc/arm-none-eabi/11.2.1/thumb/v7e-m/nofp\libc.a(lib_a-stdio.o)
 .bss           0x200009c8        0x0 c:/program files (x86)/arm gnu toolchain arm-none-eabi/11.2 2022.02/bin/../lib/gcc/arm-none-eabi/11.2.1/thumb/v7e-m/nofp\libc.a(lib_a-writer.o)
 .bss           0x200009c8        0x0 c:/program files (x86)/arm gnu toolchain arm-none-eabi/11.2 2022.02/bin/../lib/gcc/arm-none-eabi/11.2.1/thumb/v7e-m/nofp\libc.a(lib_a-wsetup.o)
 .bss           0x200009c8        0x0 c:/program files (x86)/arm gnu toolchain arm-none-eabi/11.2 2022.02/bin/../lib/gcc/arm-none-eabi/11.2.1/thumb/v7e-m/nofp\libc.a(lib_a-closer.o)
 .bss           0x200009c8        0x0 c:/program files (x86)/arm gnu toolchain arm-none-eabi/11.2 2022.02/bin/../lib/gcc/arm-none-eabi/11.2.1/thumb/v7e-m/nofp\libc.a(lib_a-fclose.o)
 .bss           0x200009c8        0x0 c:/program files (x86)/arm gnu toolchain arm-none-eabi/11.2 2022.02/bin/../lib/gcc/arm-none-eabi/11.2.1/thumb/v7e-m/nofp\libc.a(lib_a-fflush.o)
 .bss           0x200009c8        0x0 c:/program files (x86)/arm gnu toolchain arm-none-eabi/11.2 2022.02/bin/../lib/gcc/arm-none-eabi/11.2.1/thumb/v7e-m/nofp\libc.a(lib_a-freer.o)
 .bss           0x200009c8        0x0 c:/program files (x86)/arm gnu toolchain arm-none-eabi/11.2 2022.02/bin/../lib/gcc/arm-none-eabi/11.2.1/thumb/v7e-m/nofp\libc.a(lib_a-lseekr.o)
 .bss           0x200009c8        0x0 c:/program files (x86)/arm gnu toolchain arm-none-eabi/11.2 2022.02/bin/../lib/gcc/arm-none-eabi/11.2.1/thumb/v7e-m/nofp\libc.a(lib_a-makebuf.o)
 .bss           0x200009c8        0x0 c:/program files (x86)/arm gnu toolchain arm-none-eabi/11.2 2022.02/bin/../lib/gcc/arm-none-eabi/11.2.1/thumb/v7e-m/nofp\libc.a(lib_a-readr.o)
 .bss           0x200009c8        0x0 c:/program files (x86)/arm gnu toolchain arm-none-eabi/11.2 2022.02/bin/../lib/gcc/arm-none-eabi/11.2.1/thumb/v7e-m/nofp\libc.a(lib_a-reent.o)
 .bss           0x200009c8        0x0 c:/program files (x86)/arm gnu toolchain arm-none-eabi/11.2 2022.02/bin/../lib/gcc/arm-none-eabi/11.2.1/thumb/v7e-m/nofp\libc.a(lib_a-fstatr.o)
 .bss           0x200009c8        0x0 c:/program files (x86)/arm gnu toolchain arm-none-eabi/11.2 2022.02/bin/../lib/gcc/arm-none-eabi/11.2.1/thumb/v7e-m/nofp\libc.a(lib_a-isattyr.o)
 .bss           0x200009c8        0x0 c:/program files (x86)/arm gnu toolchain arm-none-eabi/11.2 2022.02/bin/../lib/gcc/arm-none-eabi/11.2.1/thumb/v7e-m/nofp\librdimon.a(rdimon-syscalls.o)
 .bss           0x200009c8        0x0 c:/program files (x86)/arm gnu toolchain arm-none-eabi/11.2 2022.02/bin/../lib/gcc/arm-none-eabi/11.2.1/thumb/v7e-m/nofp\librdimon.a(rdimon-_exit.o)
 .bss           0x200009c8        0x0 c:/program files (x86)/arm gnu toolchain arm-none-eabi/11.2 2022.02/bin/../lib/gcc/arm-none-eabi/11.2.1/thumb/v7e-m/nofp\librdimon.a(rdimon-_kill.o)
 .bss           0x200009c8        0x0 c:/program files (x86)/arm gnu toolchain arm-none-eabi/11.2 2022.02/bin/../lib/gcc/arm-none-eabi/11.2.1/thumb/v7e-m/nofp\libc.a(lib_a-errno.o)
 .bss           0x200009c8        0x0 c:/program files (x86)/arm gnu toolchain arm-none-eabi/11.2 2022.02/bin/../lib/gcc/arm-none-eabi/11.2.1/thumb/v7e-m/nofp/crtend.o
 .bss           0x200009c8        0x0 c:/program files (x86)/arm gnu toolchain arm-none-eabi/11.2 2022.02/bin/../lib/gcc/arm-none-eabi/11.2.1/thumb/v7e-m/nofp/crtn.o
 *(.bss.*)
 .bss.completed.1
                0x200009c8        0x1 c:/program files (x86)/arm gnu toolchain arm-none-eabi/11.2 2022.02/bin/../lib/gcc/arm-none-eabi/11.2.1/thumb/v7e-m/nofp/crtbegin.o
 *fill*         0x200009c9        0x3 
 .bss.object.0  0x200009cc       0x18 c:/program files (x86)/arm gnu toolchain arm-none-eabi/11.2 2022.02/bin/../lib/gcc/arm-none-eabi/11.2.1/thumb/v7e-m/nofp/crtbegin.o
 .bss.__malloc_current_mallinfo
                0x200009e4       0x28 c:/program files (x86)/arm gnu toolchain arm-none-eabi/11.2 2022.02/bin/../lib/gcc/arm-none-eabi/11.2.1/thumb/v7e-m/nofp\libc.a(lib_a-mallocr.o)
                0x200009e4                __malloc_current_mallinfo
 .bss.__malloc_max_sbrked_mem
                0x20000a0c        0x4 c:/program files (x86)/arm gnu toolchain arm-none-eabi/11.2 2022.02/bin/../lib/gcc/arm-none-eabi/11.2.1/thumb/v7e-m/nofp\libc.a(lib_a-mallocr.o)
                0x20000a0c                __malloc_max_sbrked_mem
 .bss.__malloc_max_total_mem
                0x20000a10        0x4 c:/program files (x86)/arm gnu toolchain arm-none-eabi/11.2 2022.02/bin/../lib/gcc/arm-none-eabi/11.2.1/thumb/v7e-m/nofp\libc.a(lib_a-mallocr.o)
                0x20000a10                __malloc_max_total_mem
 .bss.__malloc_top_pad
                0x20000a14        0x4 c:/program files (x86)/arm gnu toolchain arm-none-eabi/11.2 2022.02/bin/../lib/gcc/arm-none-eabi/11.2.1/thumb/v7e-m/nofp\libc.a(lib_a-mallocr.o)
                0x20000a14                __malloc_top_pad
 .bss.errno     0x20000a18        0x4 c:/program files (x86)/arm gnu toolchain arm-none-eabi/11.2 2022.02/bin/../lib/gcc/arm-none-eabi/11.2.1/thumb/v7e-m/nofp\libc.a(lib_a-reent.o)
                0x20000a18                errno
 .bss.heap_end.0
                0x20000a1c        0x4 c:/program files (x86)/arm gnu toolchain arm-none-eabi/11.2 2022.02/bin/../lib/gcc/arm-none-eabi/11.2.1/thumb/v7e-m/nofp\librdimon.a(rdimon-syscalls.o)
 .bss.monitor_stderr
                0x20000a20        0x4 c:/program files (x86)/arm gnu toolchain arm-none-eabi/11.2 2022.02/bin/../lib/gcc/arm-none-eabi/11.2.1/thumb/v7e-m/nofp\librdimon.a(rdimon-syscalls.o)
 .bss.monitor_stdin
                0x20000a24        0x4 c:/program files (x86)/arm gnu toolchain arm-none-eabi/11.2 2022.02/bin/../lib/gcc/arm-none-eabi/11.2.1/thumb/v7e-m/nofp\librdimon.a(rdimon-syscalls.o)
 .bss.monitor_stdout
                0x20000a28        0x4 c:/program files (x86)/arm gnu toolchain arm-none-eabi/11.2 2022.02/bin/../lib/gcc/arm-none-eabi/11.2.1/thumb/v7e-m/nofp\librdimon.a(rdimon-syscalls.o)
 .bss.openfiles
                0x20000a2c       0xa0 c:/program files (x86)/arm gnu toolchain arm-none-eabi/11.2 2022.02/bin/../lib/gcc/arm-none-eabi/11.2.1/thumb/v7e-m/nofp\librdimon.a(rdimon-syscalls.o)
 *(COMMON)
                0x20000acc                . = ALIGN (0x4)
                0x20000acc                _ebss = .
                0x2000096c                __bss_end__ = _edata
                0x20000acc                . = ALIGN (0x4)
                0x20000acc                end = .
                0x20000acc                __end__ = .
OUTPUT(final_sh.elf elf32-littlearm)
LOAD linker stubs

.ARM.attributes
                0x00000000       0x2a
 .ARM.attributes
                0x00000000       0x1e c:/program files (x86)/arm gnu toolchain arm-none-eabi/11.2 2022.02/bin/../lib/gcc/arm-none-eabi/11.2.1/thumb/v7e-m/nofp/crti.o
 .ARM.attributes
                0x0000001e       0x2e c:/program files (x86)/arm gnu toolchain arm-none-eabi/11.2 2022.02/bin/../lib/gcc/arm-none-eabi/11.2.1/thumb/v7e-m/nofp/crtbegin.o
 .ARM.attributes
                0x0000004c       0x1c c:/program files (x86)/arm gnu toolchain arm-none-eabi/11.2 2022.02/bin/../lib/gcc/arm-none-eabi/11.2.1/thumb/v7e-m/nofp/rdimon-crt0.o
 .ARM.attributes
                0x00000068       0x2e led_main.o
 .ARM.attributes
                0x00000096       0x2e led.o
 .ARM.attributes
                0x000000c4       0x2e stm32_startup.o
 .ARM.attributes
                0x000000f2       0x2e c:/program files (x86)/arm gnu toolchain arm-none-eabi/11.2 2022.02/bin/../lib/gcc/arm-none-eabi/11.2.1/thumb/v7e-m/nofp\libc.a(lib_a-exit.o)
 .ARM.attributes
                0x00000120       0x2e c:/program files (x86)/arm gnu toolchain arm-none-eabi/11.2 2022.02/bin/../lib/gcc/arm-none-eabi/11.2.1/thumb/v7e-m/nofp\libc.a(lib_a-impure.o)
 .ARM.attributes
                0x0000014e       0x2e c:/program files (x86)/arm gnu toolchain arm-none-eabi/11.2 2022.02/bin/../lib/gcc/arm-none-eabi/11.2.1/thumb/v7e-m/nofp\libc.a(lib_a-init.o)
 .ARM.attributes
                0x0000017c       0x2e c:/program files (x86)/arm gnu toolchain arm-none-eabi/11.2 2022.02/bin/../lib/gcc/arm-none-eabi/11.2.1/thumb/v7e-m/nofp\libc.a(lib_a-memset.o)
 .ARM.attributes
                0x000001aa       0x2e c:/program files (x86)/arm gnu toolchain arm-none-eabi/11.2 2022.02/bin/../lib/gcc/arm-none-eabi/11.2.1/thumb/v7e-m/nofp\libc.a(lib_a-puts.o)
 .ARM.attributes
                0x000001d8       0x1c c:/program files (x86)/arm gnu toolchain arm-none-eabi/11.2 2022.02/bin/../lib/gcc/arm-none-eabi/11.2.1/thumb/v7e-m/nofp\libc.a(lib_a-strlen.o)
 .ARM.attributes
                0x000001f4       0x2e c:/program files (x86)/arm gnu toolchain arm-none-eabi/11.2 2022.02/bin/../lib/gcc/arm-none-eabi/11.2.1/thumb/v7e-m/nofp\libc.a(lib_a-__call_atexit.o)
 .ARM.attributes
                0x00000222       0x2e c:/program files (x86)/arm gnu toolchain arm-none-eabi/11.2 2022.02/bin/../lib/gcc/arm-none-eabi/11.2.1/thumb/v7e-m/nofp\libc.a(lib_a-findfp.o)
 .ARM.attributes
                0x00000250       0x2e c:/program files (x86)/arm gnu toolchain arm-none-eabi/11.2 2022.02/bin/../lib/gcc/arm-none-eabi/11.2.1/thumb/v7e-m/nofp\libc.a(lib_a-fvwrite.o)
 .ARM.attributes
                0x0000027e       0x2e c:/program files (x86)/arm gnu toolchain arm-none-eabi/11.2 2022.02/bin/../lib/gcc/arm-none-eabi/11.2.1/thumb/v7e-m/nofp\libc.a(lib_a-fwalk.o)
 .ARM.attributes
                0x000002ac       0x2e c:/program files (x86)/arm gnu toolchain arm-none-eabi/11.2 2022.02/bin/../lib/gcc/arm-none-eabi/11.2.1/thumb/v7e-m/nofp\libc.a(lib_a-mallocr.o)
 .ARM.attributes
                0x000002da       0x1c c:/program files (x86)/arm gnu toolchain arm-none-eabi/11.2 2022.02/bin/../lib/gcc/arm-none-eabi/11.2.1/thumb/v7e-m/nofp\libc.a(lib_a-memchr.o)
 .ARM.attributes
                0x000002f6       0x1c c:/program files (x86)/arm gnu toolchain arm-none-eabi/11.2 2022.02/bin/../lib/gcc/arm-none-eabi/11.2.1/thumb/v7e-m/nofp\libc.a(lib_a-memcpy.o)
 .ARM.attributes
                0x00000312       0x2e c:/program files (x86)/arm gnu toolchain arm-none-eabi/11.2 2022.02/bin/../lib/gcc/arm-none-eabi/11.2.1/thumb/v7e-m/nofp\libc.a(lib_a-memmove.o)
 .ARM.attributes
                0x00000340       0x2e c:/program files (x86)/arm gnu toolchain arm-none-eabi/11.2 2022.02/bin/../lib/gcc/arm-none-eabi/11.2.1/thumb/v7e-m/nofp\libc.a(lib_a-mlock.o)
 .ARM.attributes
                0x0000036e       0x2e c:/program files (x86)/arm gnu toolchain arm-none-eabi/11.2 2022.02/bin/../lib/gcc/arm-none-eabi/11.2.1/thumb/v7e-m/nofp\libc.a(lib_a-reallocr.o)
 .ARM.attributes
                0x0000039c       0x2e c:/program files (x86)/arm gnu toolchain arm-none-eabi/11.2 2022.02/bin/../lib/gcc/arm-none-eabi/11.2.1/thumb/v7e-m/nofp\libc.a(lib_a-sbrkr.o)
 .ARM.attributes
                0x000003ca       0x2e c:/program files (x86)/arm gnu toolchain arm-none-eabi/11.2 2022.02/bin/../lib/gcc/arm-none-eabi/11.2.1/thumb/v7e-m/nofp\libc.a(lib_a-stdio.o)
 .ARM.attributes
                0x000003f8       0x2e c:/program files (x86)/arm gnu toolchain arm-none-eabi/11.2 2022.02/bin/../lib/gcc/arm-none-eabi/11.2.1/thumb/v7e-m/nofp\libc.a(lib_a-writer.o)
 .ARM.attributes
                0x00000426       0x2e c:/program files (x86)/arm gnu toolchain arm-none-eabi/11.2 2022.02/bin/../lib/gcc/arm-none-eabi/11.2.1/thumb/v7e-m/nofp\libc.a(lib_a-wsetup.o)
 .ARM.attributes
                0x00000454       0x2e c:/program files (x86)/arm gnu toolchain arm-none-eabi/11.2 2022.02/bin/../lib/gcc/arm-none-eabi/11.2.1/thumb/v7e-m/nofp\libc.a(lib_a-closer.o)
 .ARM.attributes
                0x00000482       0x2e c:/program files (x86)/arm gnu toolchain arm-none-eabi/11.2 2022.02/bin/../lib/gcc/arm-none-eabi/11.2.1/thumb/v7e-m/nofp\libc.a(lib_a-fclose.o)
 .ARM.attributes
                0x000004b0       0x2e c:/program files (x86)/arm gnu toolchain arm-none-eabi/11.2 2022.02/bin/../lib/gcc/arm-none-eabi/11.2.1/thumb/v7e-m/nofp\libc.a(lib_a-fflush.o)
 .ARM.attributes
                0x000004de       0x2e c:/program files (x86)/arm gnu toolchain arm-none-eabi/11.2 2022.02/bin/../lib/gcc/arm-none-eabi/11.2.1/thumb/v7e-m/nofp\libc.a(lib_a-freer.o)
 .ARM.attributes
                0x0000050c       0x2e c:/program files (x86)/arm gnu toolchain arm-none-eabi/11.2 2022.02/bin/../lib/gcc/arm-none-eabi/11.2.1/thumb/v7e-m/nofp\libc.a(lib_a-lseekr.o)
 .ARM.attributes
                0x0000053a       0x2e c:/program files (x86)/arm gnu toolchain arm-none-eabi/11.2 2022.02/bin/../lib/gcc/arm-none-eabi/11.2.1/thumb/v7e-m/nofp\libc.a(lib_a-makebuf.o)
 .ARM.attributes
                0x00000568       0x2e c:/program files (x86)/arm gnu toolchain arm-none-eabi/11.2 2022.02/bin/../lib/gcc/arm-none-eabi/11.2.1/thumb/v7e-m/nofp\libc.a(lib_a-readr.o)
 .ARM.attributes
                0x00000596       0x2e c:/program files (x86)/arm gnu toolchain arm-none-eabi/11.2 2022.02/bin/../lib/gcc/arm-none-eabi/11.2.1/thumb/v7e-m/nofp\libc.a(lib_a-reent.o)
 .ARM.attributes
                0x000005c4       0x2e c:/program files (x86)/arm gnu toolchain arm-none-eabi/11.2 2022.02/bin/../lib/gcc/arm-none-eabi/11.2.1/thumb/v7e-m/nofp\libc.a(lib_a-fstatr.o)
 .ARM.attributes
                0x000005f2       0x2e c:/program files (x86)/arm gnu toolchain arm-none-eabi/11.2 2022.02/bin/../lib/gcc/arm-none-eabi/11.2.1/thumb/v7e-m/nofp\libc.a(lib_a-isattyr.o)
 .ARM.attributes
                0x00000620       0x2e c:/program files (x86)/arm gnu toolchain arm-none-eabi/11.2 2022.02/bin/../lib/gcc/arm-none-eabi/11.2.1/thumb/v7e-m/nofp\librdimon.a(rdimon-syscalls.o)
 .ARM.attributes
                0x0000064e       0x2e c:/program files (x86)/arm gnu toolchain arm-none-eabi/11.2 2022.02/bin/../lib/gcc/arm-none-eabi/11.2.1/thumb/v7e-m/nofp\librdimon.a(rdimon-_exit.o)
 .ARM.attributes
                0x0000067c       0x2e c:/program files (x86)/arm gnu toolchain arm-none-eabi/11.2 2022.02/bin/../lib/gcc/arm-none-eabi/11.2.1/thumb/v7e-m/nofp\librdimon.a(rdimon-_kill.o)
 .ARM.attributes
                0x000006aa       0x2e c:/program files (x86)/arm gnu toolchain arm-none-eabi/11.2 2022.02/bin/../lib/gcc/arm-none-eabi/11.2.1/thumb/v7e-m/nofp\libc.a(lib_a-errno.o)
 .ARM.attributes
                0x000006d8       0x2e c:/program files (x86)/arm gnu toolchain arm-none-eabi/11.2 2022.02/bin/../lib/gcc/arm-none-eabi/11.2.1/thumb/v7e-m/nofp/crtend.o
 .ARM.attributes
                0x00000706       0x1e c:/program files (x86)/arm gnu toolchain arm-none-eabi/11.2 2022.02/bin/../lib/gcc/arm-none-eabi/11.2.1/thumb/v7e-m/nofp/crtn.o

.comment        0x00000000       0x57
 .comment       0x00000000       0x57 c:/program files (x86)/arm gnu toolchain arm-none-eabi/11.2 2022.02/bin/../lib/gcc/arm-none-eabi/11.2.1/thumb/v7e-m/nofp/crtbegin.o
                                 0x58 (size before relaxing)
 .comment       0x00000057       0x58 led_main.o
 .comment       0x00000057       0x58 led.o
 .comment       0x00000057       0x58 stm32_startup.o
 .comment       0x00000057       0x58 c:/program files (x86)/arm gnu toolchain arm-none-eabi/11.2 2022.02/bin/../lib/gcc/arm-none-eabi/11.2.1/thumb/v7e-m/nofp\libc.a(lib_a-exit.o)
 .comment       0x00000057       0x58 c:/program files (x86)/arm gnu toolchain arm-none-eabi/11.2 2022.02/bin/../lib/gcc/arm-none-eabi/11.2.1/thumb/v7e-m/nofp\libc.a(lib_a-impure.o)
 .comment       0x00000057       0x58 c:/program files (x86)/arm gnu toolchain arm-none-eabi/11.2 2022.02/bin/../lib/gcc/arm-none-eabi/11.2.1/thumb/v7e-m/nofp\libc.a(lib_a-init.o)
 .comment       0x00000057       0x58 c:/program files (x86)/arm gnu toolchain arm-none-eabi/11.2 2022.02/bin/../lib/gcc/arm-none-eabi/11.2.1/thumb/v7e-m/nofp\libc.a(lib_a-memset.o)
 .comment       0x00000057       0x58 c:/program files (x86)/arm gnu toolchain arm-none-eabi/11.2 2022.02/bin/../lib/gcc/arm-none-eabi/11.2.1/thumb/v7e-m/nofp\libc.a(lib_a-puts.o)
 .comment       0x00000057       0x58 c:/program files (x86)/arm gnu toolchain arm-none-eabi/11.2 2022.02/bin/../lib/gcc/arm-none-eabi/11.2.1/thumb/v7e-m/nofp\libc.a(lib_a-__call_atexit.o)
 .comment       0x00000057       0x58 c:/program files (x86)/arm gnu toolchain arm-none-eabi/11.2 2022.02/bin/../lib/gcc/arm-none-eabi/11.2.1/thumb/v7e-m/nofp\libc.a(lib_a-findfp.o)
 .comment       0x00000057       0x58 c:/program files (x86)/arm gnu toolchain arm-none-eabi/11.2 2022.02/bin/../lib/gcc/arm-none-eabi/11.2.1/thumb/v7e-m/nofp\libc.a(lib_a-fvwrite.o)
 .comment       0x00000057       0x58 c:/program files (x86)/arm gnu toolchain arm-none-eabi/11.2 2022.02/bin/../lib/gcc/arm-none-eabi/11.2.1/thumb/v7e-m/nofp\libc.a(lib_a-fwalk.o)
 .comment       0x00000057       0x58 c:/program files (x86)/arm gnu toolchain arm-none-eabi/11.2 2022.02/bin/../lib/gcc/arm-none-eabi/11.2.1/thumb/v7e-m/nofp\libc.a(lib_a-mallocr.o)
 .comment       0x00000057       0x58 c:/program files (x86)/arm gnu toolchain arm-none-eabi/11.2 2022.02/bin/../lib/gcc/arm-none-eabi/11.2.1/thumb/v7e-m/nofp\libc.a(lib_a-memmove.o)
 .comment       0x00000057       0x58 c:/program files (x86)/arm gnu toolchain arm-none-eabi/11.2 2022.02/bin/../lib/gcc/arm-none-eabi/11.2.1/thumb/v7e-m/nofp\libc.a(lib_a-mlock.o)
 .comment       0x00000057       0x58 c:/program files (x86)/arm gnu toolchain arm-none-eabi/11.2 2022.02/bin/../lib/gcc/arm-none-eabi/11.2.1/thumb/v7e-m/nofp\libc.a(lib_a-reallocr.o)
 .comment       0x00000057       0x58 c:/program files (x86)/arm gnu toolchain arm-none-eabi/11.2 2022.02/bin/../lib/gcc/arm-none-eabi/11.2.1/thumb/v7e-m/nofp\libc.a(lib_a-sbrkr.o)
 .comment       0x00000057       0x58 c:/program files (x86)/arm gnu toolchain arm-none-eabi/11.2 2022.02/bin/../lib/gcc/arm-none-eabi/11.2.1/thumb/v7e-m/nofp\libc.a(lib_a-stdio.o)
 .comment       0x00000057       0x58 c:/program files (x86)/arm gnu toolchain arm-none-eabi/11.2 2022.02/bin/../lib/gcc/arm-none-eabi/11.2.1/thumb/v7e-m/nofp\libc.a(lib_a-writer.o)
 .comment       0x00000057       0x58 c:/program files (x86)/arm gnu toolchain arm-none-eabi/11.2 2022.02/bin/../lib/gcc/arm-none-eabi/11.2.1/thumb/v7e-m/nofp\libc.a(lib_a-wsetup.o)
 .comment       0x00000057       0x58 c:/program files (x86)/arm gnu toolchain arm-none-eabi/11.2 2022.02/bin/../lib/gcc/arm-none-eabi/11.2.1/thumb/v7e-m/nofp\libc.a(lib_a-closer.o)
 .comment       0x00000057       0x58 c:/program files (x86)/arm gnu toolchain arm-none-eabi/11.2 2022.02/bin/../lib/gcc/arm-none-eabi/11.2.1/thumb/v7e-m/nofp\libc.a(lib_a-fclose.o)
 .comment       0x00000057       0x58 c:/program files (x86)/arm gnu toolchain arm-none-eabi/11.2 2022.02/bin/../lib/gcc/arm-none-eabi/11.2.1/thumb/v7e-m/nofp\libc.a(lib_a-fflush.o)
 .comment       0x00000057       0x58 c:/program files (x86)/arm gnu toolchain arm-none-eabi/11.2 2022.02/bin/../lib/gcc/arm-none-eabi/11.2.1/thumb/v7e-m/nofp\libc.a(lib_a-freer.o)
 .comment       0x00000057       0x58 c:/program files (x86)/arm gnu toolchain arm-none-eabi/11.2 2022.02/bin/../lib/gcc/arm-none-eabi/11.2.1/thumb/v7e-m/nofp\libc.a(lib_a-lseekr.o)
 .comment       0x00000057       0x58 c:/program files (x86)/arm gnu toolchain arm-none-eabi/11.2 2022.02/bin/../lib/gcc/arm-none-eabi/11.2.1/thumb/v7e-m/nofp\libc.a(lib_a-makebuf.o)
 .comment       0x00000057       0x58 c:/program files (x86)/arm gnu toolchain arm-none-eabi/11.2 2022.02/bin/../lib/gcc/arm-none-eabi/11.2.1/thumb/v7e-m/nofp\libc.a(lib_a-readr.o)
 .comment       0x00000057       0x58 c:/program files (x86)/arm gnu toolchain arm-none-eabi/11.2 2022.02/bin/../lib/gcc/arm-none-eabi/11.2.1/thumb/v7e-m/nofp\libc.a(lib_a-reent.o)
 .comment       0x00000057       0x58 c:/program files (x86)/arm gnu toolchain arm-none-eabi/11.2 2022.02/bin/../lib/gcc/arm-none-eabi/11.2.1/thumb/v7e-m/nofp\libc.a(lib_a-fstatr.o)
 .comment       0x00000057       0x58 c:/program files (x86)/arm gnu toolchain arm-none-eabi/11.2 2022.02/bin/../lib/gcc/arm-none-eabi/11.2.1/thumb/v7e-m/nofp\libc.a(lib_a-isattyr.o)
 .comment       0x00000057       0x58 c:/program files (x86)/arm gnu toolchain arm-none-eabi/11.2 2022.02/bin/../lib/gcc/arm-none-eabi/11.2.1/thumb/v7e-m/nofp\librdimon.a(rdimon-syscalls.o)
 .comment       0x00000057       0x58 c:/program files (x86)/arm gnu toolchain arm-none-eabi/11.2 2022.02/bin/../lib/gcc/arm-none-eabi/11.2.1/thumb/v7e-m/nofp\librdimon.a(rdimon-_exit.o)
 .comment       0x00000057       0x58 c:/program files (x86)/arm gnu toolchain arm-none-eabi/11.2 2022.02/bin/../lib/gcc/arm-none-eabi/11.2.1/thumb/v7e-m/nofp\librdimon.a(rdimon-_kill.o)
 .comment       0x00000057       0x58 c:/program files (x86)/arm gnu toolchain arm-none-eabi/11.2 2022.02/bin/../lib/gcc/arm-none-eabi/11.2.1/thumb/v7e-m/nofp\libc.a(lib_a-errno.o)
 .comment       0x00000057       0x58 c:/program files (x86)/arm gnu toolchain arm-none-eabi/11.2 2022.02/bin/../lib/gcc/arm-none-eabi/11.2.1/thumb/v7e-m/nofp/crtend.o

.debug_line     0x00000000     0x7aa7
 .debug_line    0x00000000       0xbf c:/program files (x86)/arm gnu toolchain arm-none-eabi/11.2 2022.02/bin/../lib/gcc/arm-none-eabi/11.2.1/thumb/v7e-m/nofp/rdimon-crt0.o
 .debug_line    0x000000bf      0x20d c:/program files (x86)/arm gnu toolchain arm-none-eabi/11.2 2022.02/bin/../lib/gcc/arm-none-eabi/11.2.1/thumb/v7e-m/nofp\libc.a(lib_a-exit.o)
 .debug_line    0x000002cc      0x15b c:/program files (x86)/arm gnu toolchain arm-none-eabi/11.2 2022.02/bin/../lib/gcc/arm-none-eabi/11.2.1/thumb/v7e-m/nofp\libc.a(lib_a-impure.o)
 .debug_line    0x00000427      0x17e c:/program files (x86)/arm gnu toolchain arm-none-eabi/11.2 2022.02/bin/../lib/gcc/arm-none-eabi/11.2.1/thumb/v7e-m/nofp\libc.a(lib_a-init.o)
 .debug_line    0x000005a5      0x23d c:/program files (x86)/arm gnu toolchain arm-none-eabi/11.2 2022.02/bin/../lib/gcc/arm-none-eabi/11.2.1/thumb/v7e-m/nofp\libc.a(lib_a-memset.o)
 .debug_line    0x000007e2      0x2d4 c:/program files (x86)/arm gnu toolchain arm-none-eabi/11.2 2022.02/bin/../lib/gcc/arm-none-eabi/11.2.1/thumb/v7e-m/nofp\libc.a(lib_a-puts.o)
 .debug_line    0x00000ab6       0x87 c:/program files (x86)/arm gnu toolchain arm-none-eabi/11.2 2022.02/bin/../lib/gcc/arm-none-eabi/11.2.1/thumb/v7e-m/nofp\libc.a(lib_a-strlen.o)
 .debug_line    0x00000b3d      0x29f c:/program files (x86)/arm gnu toolchain arm-none-eabi/11.2 2022.02/bin/../lib/gcc/arm-none-eabi/11.2.1/thumb/v7e-m/nofp\libc.a(lib_a-__call_atexit.o)
 .debug_line    0x00000ddc      0x5ff c:/program files (x86)/arm gnu toolchain arm-none-eabi/11.2 2022.02/bin/../lib/gcc/arm-none-eabi/11.2.1/thumb/v7e-m/nofp\libc.a(lib_a-findfp.o)
 .debug_line    0x000013db      0x679 c:/program files (x86)/arm gnu toolchain arm-none-eabi/11.2 2022.02/bin/../lib/gcc/arm-none-eabi/11.2.1/thumb/v7e-m/nofp\libc.a(lib_a-fvwrite.o)
 .debug_line    0x00001a54      0x310 c:/program files (x86)/arm gnu toolchain arm-none-eabi/11.2 2022.02/bin/../lib/gcc/arm-none-eabi/11.2.1/thumb/v7e-m/nofp\libc.a(lib_a-fwalk.o)
 .debug_line    0x00001d64      0x948 c:/program files (x86)/arm gnu toolchain arm-none-eabi/11.2 2022.02/bin/../lib/gcc/arm-none-eabi/11.2.1/thumb/v7e-m/nofp\libc.a(lib_a-mallocr.o)
 .debug_line    0x000026ac       0x82 c:/program files (x86)/arm gnu toolchain arm-none-eabi/11.2 2022.02/bin/../lib/gcc/arm-none-eabi/11.2.1/thumb/v7e-m/nofp\libc.a(lib_a-memchr.o)
 .debug_line    0x0000272e       0x95 c:/program files (x86)/arm gnu toolchain arm-none-eabi/11.2 2022.02/bin/../lib/gcc/arm-none-eabi/11.2.1/thumb/v7e-m/nofp\libc.a(lib_a-memcpy.o)
 .debug_line    0x000027c3      0x265 c:/program files (x86)/arm gnu toolchain arm-none-eabi/11.2 2022.02/bin/../lib/gcc/arm-none-eabi/11.2.1/thumb/v7e-m/nofp\libc.a(lib_a-memmove.o)
 .debug_line    0x00002a28      0x1d2 c:/program files (x86)/arm gnu toolchain arm-none-eabi/11.2 2022.02/bin/../lib/gcc/arm-none-eabi/11.2.1/thumb/v7e-m/nofp\libc.a(lib_a-mlock.o)
 .debug_line    0x00002bfa      0x849 c:/program files (x86)/arm gnu toolchain arm-none-eabi/11.2 2022.02/bin/../lib/gcc/arm-none-eabi/11.2.1/thumb/v7e-m/nofp\libc.a(lib_a-reallocr.o)
 .debug_line    0x00003443      0x217 c:/program files (x86)/arm gnu toolchain arm-none-eabi/11.2 2022.02/bin/../lib/gcc/arm-none-eabi/11.2.1/thumb/v7e-m/nofp\libc.a(lib_a-sbrkr.o)
 .debug_line    0x0000365a      0x2ef c:/program files (x86)/arm gnu toolchain arm-none-eabi/11.2 2022.02/bin/../lib/gcc/arm-none-eabi/11.2.1/thumb/v7e-m/nofp\libc.a(lib_a-stdio.o)
 .debug_line    0x00003949      0x21d c:/program files (x86)/arm gnu toolchain arm-none-eabi/11.2 2022.02/bin/../lib/gcc/arm-none-eabi/11.2.1/thumb/v7e-m/nofp\libc.a(lib_a-writer.o)
 .debug_line    0x00003b66      0x38e c:/program files (x86)/arm gnu toolchain arm-none-eabi/11.2 2022.02/bin/../lib/gcc/arm-none-eabi/11.2.1/thumb/v7e-m/nofp\libc.a(lib_a-wsetup.o)
 .debug_line    0x00003ef4      0x217 c:/program files (x86)/arm gnu toolchain arm-none-eabi/11.2 2022.02/bin/../lib/gcc/arm-none-eabi/11.2.1/thumb/v7e-m/nofp\libc.a(lib_a-closer.o)
 .debug_line    0x0000410b      0x2ec c:/program files (x86)/arm gnu toolchain arm-none-eabi/11.2 2022.02/bin/../lib/gcc/arm-none-eabi/11.2.1/thumb/v7e-m/nofp\libc.a(lib_a-fclose.o)
 .debug_line    0x000043f7      0x506 c:/program files (x86)/arm gnu toolchain arm-none-eabi/11.2 2022.02/bin/../lib/gcc/arm-none-eabi/11.2.1/thumb/v7e-m/nofp\libc.a(lib_a-fflush.o)
 .debug_line    0x000048fd      0x594 c:/program files (x86)/arm gnu toolchain arm-none-eabi/11.2 2022.02/bin/../lib/gcc/arm-none-eabi/11.2.1/thumb/v7e-m/nofp\libc.a(lib_a-freer.o)
 .debug_line    0x00004e91      0x21d c:/program files (x86)/arm gnu toolchain arm-none-eabi/11.2 2022.02/bin/../lib/gcc/arm-none-eabi/11.2.1/thumb/v7e-m/nofp\libc.a(lib_a-lseekr.o)
 .debug_line    0x000050ae      0x469 c:/program files (x86)/arm gnu toolchain arm-none-eabi/11.2 2022.02/bin/../lib/gcc/arm-none-eabi/11.2.1/thumb/v7e-m/nofp\libc.a(lib_a-makebuf.o)
 .debug_line    0x00005517      0x21c c:/program files (x86)/arm gnu toolchain arm-none-eabi/11.2 2022.02/bin/../lib/gcc/arm-none-eabi/11.2.1/thumb/v7e-m/nofp\libc.a(lib_a-readr.o)
 .debug_line    0x00005733      0x31b c:/program files (x86)/arm gnu toolchain arm-none-eabi/11.2 2022.02/bin/../lib/gcc/arm-none-eabi/11.2.1/thumb/v7e-m/nofp\libc.a(lib_a-reent.o)
 .debug_line    0x00005a4e      0x2b4 c:/program files (x86)/arm gnu toolchain arm-none-eabi/11.2 2022.02/bin/../lib/gcc/arm-none-eabi/11.2.1/thumb/v7e-m/nofp\libc.a(lib_a-fstatr.o)
 .debug_line    0x00005d02      0x218 c:/program files (x86)/arm gnu toolchain arm-none-eabi/11.2 2022.02/bin/../lib/gcc/arm-none-eabi/11.2.1/thumb/v7e-m/nofp\libc.a(lib_a-isattyr.o)
 .debug_line    0x00005f1a     0x186c c:/program files (x86)/arm gnu toolchain arm-none-eabi/11.2 2022.02/bin/../lib/gcc/arm-none-eabi/11.2.1/thumb/v7e-m/nofp\librdimon.a(rdimon-syscalls.o)
 .debug_line    0x00007786       0x91 c:/program files (x86)/arm gnu toolchain arm-none-eabi/11.2 2022.02/bin/../lib/gcc/arm-none-eabi/11.2.1/thumb/v7e-m/nofp\librdimon.a(rdimon-_exit.o)
 .debug_line    0x00007817      0x110 c:/program files (x86)/arm gnu toolchain arm-none-eabi/11.2 2022.02/bin/../lib/gcc/arm-none-eabi/11.2.1/thumb/v7e-m/nofp\librdimon.a(rdimon-_kill.o)
 .debug_line    0x00007927      0x180 c:/program files (x86)/arm gnu toolchain arm-none-eabi/11.2 2022.02/bin/../lib/gcc/arm-none-eabi/11.2.1/thumb/v7e-m/nofp\libc.a(lib_a-errno.o)

.debug_line_str
                0x00000000       0xd2
 .debug_line_str
                0x00000000       0x53 c:/program files (x86)/arm gnu toolchain arm-none-eabi/11.2 2022.02/bin/../lib/gcc/arm-none-eabi/11.2.1/thumb/v7e-m/nofp/rdimon-crt0.o
                                 0xa6 (size before relaxing)
 .debug_line_str
                0x00000053       0x66 c:/program files (x86)/arm gnu toolchain arm-none-eabi/11.2 2022.02/bin/../lib/gcc/arm-none-eabi/11.2.1/thumb/v7e-m/nofp\libc.a(lib_a-strlen.o)
                                 0xcc (size before relaxing)
 .debug_line_str
                0x000000b9        0x9 c:/program files (x86)/arm gnu toolchain arm-none-eabi/11.2 2022.02/bin/../lib/gcc/arm-none-eabi/11.2.1/thumb/v7e-m/nofp\libc.a(lib_a-memchr.o)
                                 0xc0 (size before relaxing)
 .debug_line_str
                0x000000c2       0x10 c:/program files (x86)/arm gnu toolchain arm-none-eabi/11.2 2022.02/bin/../lib/gcc/arm-none-eabi/11.2.1/thumb/v7e-m/nofp\libc.a(lib_a-memcpy.o)
                                 0xce (size before relaxing)

.debug_info     0x00000000    0x1443f
 .debug_info    0x00000000       0x25 c:/program files (x86)/arm gnu toolchain arm-none-eabi/11.2 2022.02/bin/../lib/gcc/arm-none-eabi/11.2.1/thumb/v7e-m/nofp/rdimon-crt0.o
 .debug_info    0x00000025      0x90c c:/program files (x86)/arm gnu toolchain arm-none-eabi/11.2 2022.02/bin/../lib/gcc/arm-none-eabi/11.2.1/thumb/v7e-m/nofp\libc.a(lib_a-exit.o)
 .debug_info    0x00000931      0x8be c:/program files (x86)/arm gnu toolchain arm-none-eabi/11.2 2022.02/bin/../lib/gcc/arm-none-eabi/11.2.1/thumb/v7e-m/nofp\libc.a(lib_a-impure.o)
 .debug_info    0x000011ef      0x10b c:/program files (x86)/arm gnu toolchain arm-none-eabi/11.2 2022.02/bin/../lib/gcc/arm-none-eabi/11.2.1/thumb/v7e-m/nofp\libc.a(lib_a-init.o)
 .debug_info    0x000012fa      0x135 c:/program files (x86)/arm gnu toolchain arm-none-eabi/11.2 2022.02/bin/../lib/gcc/arm-none-eabi/11.2.1/thumb/v7e-m/nofp\libc.a(lib_a-memset.o)
 .debug_info    0x0000142f      0xa92 c:/program files (x86)/arm gnu toolchain arm-none-eabi/11.2 2022.02/bin/../lib/gcc/arm-none-eabi/11.2.1/thumb/v7e-m/nofp\libc.a(lib_a-puts.o)
 .debug_info    0x00001ec1       0x25 c:/program files (x86)/arm gnu toolchain arm-none-eabi/11.2 2022.02/bin/../lib/gcc/arm-none-eabi/11.2.1/thumb/v7e-m/nofp\libc.a(lib_a-strlen.o)
 .debug_info    0x00001ee6      0x980 c:/program files (x86)/arm gnu toolchain arm-none-eabi/11.2 2022.02/bin/../lib/gcc/arm-none-eabi/11.2.1/thumb/v7e-m/nofp\libc.a(lib_a-__call_atexit.o)
 .debug_info    0x00002866      0xfc3 c:/program files (x86)/arm gnu toolchain arm-none-eabi/11.2 2022.02/bin/../lib/gcc/arm-none-eabi/11.2.1/thumb/v7e-m/nofp\libc.a(lib_a-findfp.o)
 .debug_info    0x00003829      0xcd3 c:/program files (x86)/arm gnu toolchain arm-none-eabi/11.2 2022.02/bin/../lib/gcc/arm-none-eabi/11.2.1/thumb/v7e-m/nofp\libc.a(lib_a-fvwrite.o)
 .debug_info    0x000044fc      0x9e7 c:/program files (x86)/arm gnu toolchain arm-none-eabi/11.2 2022.02/bin/../lib/gcc/arm-none-eabi/11.2.1/thumb/v7e-m/nofp\libc.a(lib_a-fwalk.o)
 .debug_info    0x00004ee3      0xe59 c:/program files (x86)/arm gnu toolchain arm-none-eabi/11.2 2022.02/bin/../lib/gcc/arm-none-eabi/11.2.1/thumb/v7e-m/nofp\libc.a(lib_a-mallocr.o)
 .debug_info    0x00005d3c       0x25 c:/program files (x86)/arm gnu toolchain arm-none-eabi/11.2 2022.02/bin/../lib/gcc/arm-none-eabi/11.2.1/thumb/v7e-m/nofp\libc.a(lib_a-memchr.o)
 .debug_info    0x00005d61       0x25 c:/program files (x86)/arm gnu toolchain arm-none-eabi/11.2 2022.02/bin/../lib/gcc/arm-none-eabi/11.2.1/thumb/v7e-m/nofp\libc.a(lib_a-memcpy.o)
 .debug_info    0x00005d86      0x148 c:/program files (x86)/arm gnu toolchain arm-none-eabi/11.2 2022.02/bin/../lib/gcc/arm-none-eabi/11.2.1/thumb/v7e-m/nofp\libc.a(lib_a-memmove.o)
 .debug_info    0x00005ece      0x8d4 c:/program files (x86)/arm gnu toolchain arm-none-eabi/11.2 2022.02/bin/../lib/gcc/arm-none-eabi/11.2.1/thumb/v7e-m/nofp\libc.a(lib_a-mlock.o)
 .debug_info    0x000067a2      0xd89 c:/program files (x86)/arm gnu toolchain arm-none-eabi/11.2 2022.02/bin/../lib/gcc/arm-none-eabi/11.2.1/thumb/v7e-m/nofp\libc.a(lib_a-reallocr.o)
 .debug_info    0x0000752b      0x92a c:/program files (x86)/arm gnu toolchain arm-none-eabi/11.2 2022.02/bin/../lib/gcc/arm-none-eabi/11.2.1/thumb/v7e-m/nofp\libc.a(lib_a-sbrkr.o)
 .debug_info    0x00007e55      0xbfc c:/program files (x86)/arm gnu toolchain arm-none-eabi/11.2 2022.02/bin/../lib/gcc/arm-none-eabi/11.2.1/thumb/v7e-m/nofp\libc.a(lib_a-stdio.o)
 .debug_info    0x00008a51      0x961 c:/program files (x86)/arm gnu toolchain arm-none-eabi/11.2 2022.02/bin/../lib/gcc/arm-none-eabi/11.2.1/thumb/v7e-m/nofp\libc.a(lib_a-writer.o)
 .debug_info    0x000093b2      0x969 c:/program files (x86)/arm gnu toolchain arm-none-eabi/11.2 2022.02/bin/../lib/gcc/arm-none-eabi/11.2.1/thumb/v7e-m/nofp\libc.a(lib_a-wsetup.o)
 .debug_info    0x00009d1b      0x905 c:/program files (x86)/arm gnu toolchain arm-none-eabi/11.2 2022.02/bin/../lib/gcc/arm-none-eabi/11.2.1/thumb/v7e-m/nofp\libc.a(lib_a-closer.o)
 .debug_info    0x0000a620      0xa7a c:/program files (x86)/arm gnu toolchain arm-none-eabi/11.2 2022.02/bin/../lib/gcc/arm-none-eabi/11.2.1/thumb/v7e-m/nofp\libc.a(lib_a-fclose.o)
 .debug_info    0x0000b09a      0xb9d c:/program files (x86)/arm gnu toolchain arm-none-eabi/11.2 2022.02/bin/../lib/gcc/arm-none-eabi/11.2.1/thumb/v7e-m/nofp\libc.a(lib_a-fflush.o)
 .debug_info    0x0000bc37      0xcd5 c:/program files (x86)/arm gnu toolchain arm-none-eabi/11.2 2022.02/bin/../lib/gcc/arm-none-eabi/11.2.1/thumb/v7e-m/nofp\libc.a(lib_a-freer.o)
 .debug_info    0x0000c90c      0x944 c:/program files (x86)/arm gnu toolchain arm-none-eabi/11.2 2022.02/bin/../lib/gcc/arm-none-eabi/11.2.1/thumb/v7e-m/nofp\libc.a(lib_a-lseekr.o)
 .debug_info    0x0000d250      0xdb8 c:/program files (x86)/arm gnu toolchain arm-none-eabi/11.2 2022.02/bin/../lib/gcc/arm-none-eabi/11.2.1/thumb/v7e-m/nofp\libc.a(lib_a-makebuf.o)
 .debug_info    0x0000e008      0x95b c:/program files (x86)/arm gnu toolchain arm-none-eabi/11.2 2022.02/bin/../lib/gcc/arm-none-eabi/11.2.1/thumb/v7e-m/nofp\libc.a(lib_a-readr.o)
 .debug_info    0x0000e963      0xb68 c:/program files (x86)/arm gnu toolchain arm-none-eabi/11.2 2022.02/bin/../lib/gcc/arm-none-eabi/11.2.1/thumb/v7e-m/nofp\libc.a(lib_a-reent.o)
 .debug_info    0x0000f4cb      0xb23 c:/program files (x86)/arm gnu toolchain arm-none-eabi/11.2 2022.02/bin/../lib/gcc/arm-none-eabi/11.2.1/thumb/v7e-m/nofp\libc.a(lib_a-fstatr.o)
 .debug_info    0x0000ffee      0x905 c:/program files (x86)/arm gnu toolchain arm-none-eabi/11.2 2022.02/bin/../lib/gcc/arm-none-eabi/11.2.1/thumb/v7e-m/nofp\libc.a(lib_a-isattyr.o)
 .debug_info    0x000108f3     0x2fd2 c:/program files (x86)/arm gnu toolchain arm-none-eabi/11.2 2022.02/bin/../lib/gcc/arm-none-eabi/11.2.1/thumb/v7e-m/nofp\librdimon.a(rdimon-syscalls.o)
 .debug_info    0x000138c5       0x95 c:/program files (x86)/arm gnu toolchain arm-none-eabi/11.2 2022.02/bin/../lib/gcc/arm-none-eabi/11.2.1/thumb/v7e-m/nofp\librdimon.a(rdimon-_exit.o)
 .debug_info    0x0001395a      0x23c c:/program files (x86)/arm gnu toolchain arm-none-eabi/11.2 2022.02/bin/../lib/gcc/arm-none-eabi/11.2.1/thumb/v7e-m/nofp\librdimon.a(rdimon-_kill.o)
 .debug_info    0x00013b96      0x8a9 c:/program files (x86)/arm gnu toolchain arm-none-eabi/11.2 2022.02/bin/../lib/gcc/arm-none-eabi/11.2.1/thumb/v7e-m/nofp\libc.a(lib_a-errno.o)

.debug_abbrev   0x00000000     0x48cd
 .debug_abbrev  0x00000000       0x14 c:/program files (x86)/arm gnu toolchain arm-none-eabi/11.2 2022.02/bin/../lib/gcc/arm-none-eabi/11.2.1/thumb/v7e-m/nofp/rdimon-crt0.o
 .debug_abbrev  0x00000014      0x22d c:/program files (x86)/arm gnu toolchain arm-none-eabi/11.2 2022.02/bin/../lib/gcc/arm-none-eabi/11.2.1/thumb/v7e-m/nofp\libc.a(lib_a-exit.o)
 .debug_abbrev  0x00000241      0x1ca c:/program files (x86)/arm gnu toolchain arm-none-eabi/11.2 2022.02/bin/../lib/gcc/arm-none-eabi/11.2.1/thumb/v7e-m/nofp\libc.a(lib_a-impure.o)
 .debug_abbrev  0x0000040b       0xc9 c:/program files (x86)/arm gnu toolchain arm-none-eabi/11.2 2022.02/bin/../lib/gcc/arm-none-eabi/11.2.1/thumb/v7e-m/nofp\libc.a(lib_a-init.o)
 .debug_abbrev  0x000004d4       0xb7 c:/program files (x86)/arm gnu toolchain arm-none-eabi/11.2 2022.02/bin/../lib/gcc/arm-none-eabi/11.2.1/thumb/v7e-m/nofp\libc.a(lib_a-memset.o)
 .debug_abbrev  0x0000058b      0x2b6 c:/program files (x86)/arm gnu toolchain arm-none-eabi/11.2 2022.02/bin/../lib/gcc/arm-none-eabi/11.2.1/thumb/v7e-m/nofp\libc.a(lib_a-puts.o)
 .debug_abbrev  0x00000841       0x14 c:/program files (x86)/arm gnu toolchain arm-none-eabi/11.2 2022.02/bin/../lib/gcc/arm-none-eabi/11.2.1/thumb/v7e-m/nofp\libc.a(lib_a-strlen.o)
 .debug_abbrev  0x00000855      0x255 c:/program files (x86)/arm gnu toolchain arm-none-eabi/11.2 2022.02/bin/../lib/gcc/arm-none-eabi/11.2.1/thumb/v7e-m/nofp\libc.a(lib_a-__call_atexit.o)
 .debug_abbrev  0x00000aaa      0x452 c:/program files (x86)/arm gnu toolchain arm-none-eabi/11.2 2022.02/bin/../lib/gcc/arm-none-eabi/11.2.1/thumb/v7e-m/nofp\libc.a(lib_a-findfp.o)
 .debug_abbrev  0x00000efc      0x288 c:/program files (x86)/arm gnu toolchain arm-none-eabi/11.2 2022.02/bin/../lib/gcc/arm-none-eabi/11.2.1/thumb/v7e-m/nofp\libc.a(lib_a-fvwrite.o)
 .debug_abbrev  0x00001184      0x20f c:/program files (x86)/arm gnu toolchain arm-none-eabi/11.2 2022.02/bin/../lib/gcc/arm-none-eabi/11.2.1/thumb/v7e-m/nofp\libc.a(lib_a-fwalk.o)
 .debug_abbrev  0x00001393      0x309 c:/program files (x86)/arm gnu toolchain arm-none-eabi/11.2 2022.02/bin/../lib/gcc/arm-none-eabi/11.2.1/thumb/v7e-m/nofp\libc.a(lib_a-mallocr.o)
 .debug_abbrev  0x0000169c       0x14 c:/program files (x86)/arm gnu toolchain arm-none-eabi/11.2 2022.02/bin/../lib/gcc/arm-none-eabi/11.2.1/thumb/v7e-m/nofp\libc.a(lib_a-memchr.o)
 .debug_abbrev  0x000016b0       0x14 c:/program files (x86)/arm gnu toolchain arm-none-eabi/11.2 2022.02/bin/../lib/gcc/arm-none-eabi/11.2.1/thumb/v7e-m/nofp\libc.a(lib_a-memcpy.o)
 .debug_abbrev  0x000016c4       0xc3 c:/program files (x86)/arm gnu toolchain arm-none-eabi/11.2 2022.02/bin/../lib/gcc/arm-none-eabi/11.2.1/thumb/v7e-m/nofp\libc.a(lib_a-memmove.o)
 .debug_abbrev  0x00001787      0x202 c:/program files (x86)/arm gnu toolchain arm-none-eabi/11.2 2022.02/bin/../lib/gcc/arm-none-eabi/11.2.1/thumb/v7e-m/nofp\libc.a(lib_a-mlock.o)
 .debug_abbrev  0x00001989      0x2a1 c:/program files (x86)/arm gnu toolchain arm-none-eabi/11.2 2022.02/bin/../lib/gcc/arm-none-eabi/11.2.1/thumb/v7e-m/nofp\libc.a(lib_a-reallocr.o)