23:31:38 **** Incremental Build of configuration Debug for project 008Stack ****
make -j8 all 
arm-none-eabi-gcc "../Src/main.c" -mcpu=cortex-m4 -std=gnu11 -g3 -DDEBUG -DSTM32 -DSTM32F407G_DISC1 -DSTM32F4 -DSTM32F407VGTx -c -I../Inc -O0 -ffunction-sections -fdata-sections -Wall -fstack-usage -MMD -MP -MF"Src/main.d" -MT"Src/main.o" --specs=nano.specs -mfloat-abi=soft -mthumb -o "Src/main.o"
arm-none-eabi-gcc -o "008Stack.elf" @"objects.list"   -mcpu=cortex-m4 -T"C:\learning\CortexMxProcessor\Course_armcortex_mx\cortexmx\008Stack\STM32F407VGTX_FLASH.ld" --specs=nosys.specs -Wl,-Map="008Stack.map" -Wl,--gc-sections -static --specs=nano.specs -mfloat-abi=soft -mthumb -Wl,--start-group -lc -lm -Wl,--end-group
Finished building target: 008Stack.elf
 
arm-none-eabi-size   008Stack.elf 
arm-none-eabi-objdump -h -S  008Stack.elf  > "008Stack.list"
   text	   data	    bss	    dec	    hex	filename
   5432	    108	   1588	   7128	   1bd8	008Stack.elf
Finished building: default.size.stdout
Finished building: 008Stack.list
 
 

23:31:41 Build Finished. 0 errors, 0 warnings. (took 3s.445ms)

