22:50:56 **** Incremental Build of configuration Debug for project 009USART3_int_pend ****
make -j8 all 
arm-none-eabi-gcc "../Src/main.c" -mcpu=cortex-m4 -std=gnu11 -g3 -DDEBUG -DSTM32 -DSTM32F407G_DISC1 -DSTM32F4 -DSTM32F407VGTx -c -I../Inc -O0 -ffunction-sections -fdata-sections -Wall -fstack-usage -MMD -MP -MF"Src/main.d" -MT"Src/main.o" --specs=nano.specs -mfloat-abi=soft -mthumb -o "Src/main.o"
arm-none-eabi-gcc -o "009USART3_int_pend.elf" @"objects.list"   -mcpu=cortex-m4 -T"C:\learning\CortexMxProcessor\Course_armcortex_mx\cortexmx\009USART3_int_pend\STM32F407VGTX_FLASH.ld" --specs=nosys.specs -Wl,-Map="009USART3_int_pend.map" -Wl,--gc-sections -static --specs=nano.specs -mfloat-abi=soft -mthumb -Wl,--start-group -lc -lm -Wl,--end-group
Finished building target: 009USART3_int_pend.elf
 
arm-none-eabi-size   009USART3_int_pend.elf 
arm-none-eabi-objdump -h -S  009USART3_int_pend.elf  > "009USART3_int_pend.list"
   text	   data	    bss	    dec	    hex	filename
   3820	    108	   1588	   5516	   158c	009USART3_int_pend.elf
Finished building: default.size.stdout
Finished building: 009USART3_int_pend.list
 
 

22:51:00 Build Finished. 0 errors, 0 warnings. (took 3s.899ms)

